This is pdfTeX, Version 3.141592653-2.6-1.40.29 (TeX Live 2026/Arch Linux) (preloaded format=pdflatex 2026.4.9)  4 MAY 2026 21:24
entering extended mode
 restricted \write18 enabled.
 file:line:error style messages enabled.
 %&-line parsing enabled.
**/home/max/testgen-suite/ocr-frq/output_latex/pre-calc-40s_jan_13.tex
(/home/max/testgen-suite/ocr-frq/output_latex/pre-calc-40s_jan_13.tex
LaTeX2e <2025-11-01>
L3 programming layer <2026-01-19>
(/usr/share/texmf-dist/tex/latex/exam/exam.cls
Document Class: exam 2023/07/09 Version 2.704 by Philip Hirschhorn
(/usr/share/texmf-dist/tex/latex/base/ifthen.sty
Package: ifthen 2024/03/16 v1.1e Standard LaTeX ifthen package (DPC)
) (/usr/share/texmf-dist/tex/latex/base/article.cls
Document Class: article 2025/01/22 v1.4n Standard LaTeX document class
(/usr/share/texmf-dist/tex/latex/base/size12.clo
File: size12.clo 2025/01/22 v1.4n Standard LaTeX file (size option)
)
\c@part=\count275
\c@section=\count276
\c@subsection=\count277
\c@subsubsection=\count278
\c@paragraph=\count279
\c@subparagraph=\count280
\c@figure=\count281
\c@table=\count282
\abovecaptionskip=\skip49
\belowcaptionskip=\skip50
\bibindent=\dimen148
)
\@extrawidth=\skip51
\@rightmargin=\skip52
\@extrahead=\skip53
\@extrafoot=\skip54
\run@exhd=\skip55
\fp@exhd=\skip56
\run@exft=\skip57
\fp@exft=\skip58
\covrun@exhd=\skip59
\covfp@exhd=\skip60
\covrun@exft=\skip61
\covfp@exft=\skip62
\c@num@coverpages=\count283
\c@latest@ques=\count284
\c@ques@end=\count285
\c@last@object=\count286
\c@incmp@ques=\count287
\c@next@ques=\count288
\c@next@page=\count289
\c@tmp@hlfcntr=\count290
\c@ifpos@cntr=\count291
\c@question=\count292
\c@partno=\count293
\c@subpart=\count294
\c@subsubpart=\count295
\c@choice=\count296
\c@numpoints=\count297
\c@numbonuspoints=\count298
\c@pointsof@thisquestion=\count299
\c@bonuspointsof@thisquestion=\count300
\c@numquestions=\count301
\c@numparts=\count302
\c@numsubparts=\count303
\c@numsubsubparts=\count304
\c@Curr@Page=\count305
\c@@pagepoints=\count306
\c@@pagebonuspoints=\count307
\c@pageof@pagepoints=\count308
\c@pageof@pagebonuspoints=\count309
\c@latest@points=\count310
\c@latest@bonuspoints=\count311
\pageinfo@commands=\toks17
\temp@toks=\toks18
\pagepoint@commands=\toks19
\point@toks=\toks20
\c@ques@object=\count312
\marginpointssep=\skip63
\rightpointsmargin=\skip64
\choice@toks=\toks21
\answerlinelength=\skip65
\answerskip=\skip66
\answerclearance=\skip67
\fillinlinelength=\skip68
\linefillheight=\skip69
\linefillthickness=\skip70
\dottedlinefillheight=\skip71
\gridsize=\skip72
\gridlinewidth=\skip73
\minboxheight=\skip74
\c@@iterator=\count313
\@cellwidth=\skip75
\c@tbl@points=\count314
\c@tbl@bonuspoints=\count315
\c@pq@index=\count316
\c@pq@index@pts=\count317
\c@pq@index@bpts=\count318
\c@num@cols=\count319
\c@num@rows=\count320
\c@current@row=\count321
\c@cols@done=\count322
\c@exam@saved@eqnum=\count323
\exam@box=\box53
\saved@totalleftmargin=\dimen149
\@sollistdepth=\count324
\exam@FrameRule=\dimen150
\exam@FrameSep=\dimen151
) (/usr/share/texmf-dist/tex/latex/geometry/geometry.sty
Package: geometry 2020/01/02 v5.9 Page Geometry
 (/usr/share/texmf-dist/tex/latex/graphics/keyval.sty
Package: keyval 2022/05/29 v1.15 key=value parser (DPC)
\KV@toks@=\toks22
) (/usr/share/texmf-dist/tex/generic/iftex/ifvtex.sty
Package: ifvtex 2019/10/25 v1.7 ifvtex legacy package. Use iftex instead.
 (/usr/share/texmf-dist/tex/generic/iftex/iftex.sty
Package: iftex 2024/12/12 v1.0g TeX engine tests
))
\Gm@cnth=\count325
\Gm@cntv=\count326
\c@Gm@tempcnt=\count327
\Gm@bindingoffset=\dimen152
\Gm@wd@mp=\dimen153
\Gm@odd@mp=\dimen154
\Gm@even@mp=\dimen155
\Gm@layoutwidth=\dimen156
\Gm@layoutheight=\dimen157
\Gm@layouthoffset=\dimen158
\Gm@layoutvoffset=\dimen159
\Gm@dimlist=\toks23
) (/usr/share/texmf-dist/tex/latex/amsmath/amsmath.sty
Package: amsmath 2025/07/09 v2.17z AMS math features
\@mathmargin=\skip76

For additional information on amsmath, use the `?' option.
(/usr/share/texmf-dist/tex/latex/amsmath/amstext.sty
Package: amstext 2024/11/17 v2.01 AMS text
 (/usr/share/texmf-dist/tex/latex/amsmath/amsgen.sty
File: amsgen.sty 1999/11/30 v2.0 generic functions
\@emptytoks=\toks24
\ex@=\dimen160
)) (/usr/share/texmf-dist/tex/latex/amsmath/amsbsy.sty
Package: amsbsy 1999/11/29 v1.2d Bold Symbols
\pmbraise@=\dimen161
) (/usr/share/texmf-dist/tex/latex/amsmath/amsopn.sty
Package: amsopn 2022/04/08 v2.04 operator names
)
\inf@bad=\count328
LaTeX Info: Redefining \frac on input line 233.
\uproot@=\count329
\leftroot@=\count330
LaTeX Info: Redefining \overline on input line 398.
LaTeX Info: Redefining \colon on input line 409.
\classnum@=\count331
\DOTSCASE@=\count332
LaTeX Info: Redefining \ldots on input line 495.
LaTeX Info: Redefining \dots on input line 498.
LaTeX Info: Redefining \cdots on input line 619.
\Mathstrutbox@=\box54
\strutbox@=\box55
LaTeX Info: Redefining \big on input line 721.
LaTeX Info: Redefining \Big on input line 722.
LaTeX Info: Redefining \bigg on input line 723.
LaTeX Info: Redefining \Bigg on input line 724.
\big@size=\dimen162
LaTeX Font Info:    Redeclaring font encoding OML on input line 742.
LaTeX Font Info:    Redeclaring font encoding OMS on input line 743.
\macc@depth=\count333
LaTeX Info: Redefining \bmod on input line 904.
LaTeX Info: Redefining \pmod on input line 909.
LaTeX Info: Redefining \smash on input line 939.
LaTeX Info: Redefining \relbar on input line 969.
LaTeX Info: Redefining \Relbar on input line 970.
\c@MaxMatrixCols=\count334
\dotsspace@=\muskip17
\c@parentequation=\count335
\dspbrk@lvl=\count336
\tag@help=\toks25
\row@=\count337
\column@=\count338
\maxfields@=\count339
\andhelp@=\toks26
\eqnshift@=\dimen163
\alignsep@=\dimen164
\tagshift@=\dimen165
\tagwidth@=\dimen166
\totwidth@=\dimen167
\lineht@=\dimen168
\@envbody=\toks27
\multlinegap=\skip77
\multlinetaggap=\skip78
\mathdisplay@stack=\toks28
LaTeX Info: Redefining \[ on input line 2950.
LaTeX Info: Redefining \] on input line 2951.
) (/usr/share/texmf-dist/tex/latex/amsfonts/amssymb.sty
Package: amssymb 2013/01/14 v3.01 AMS font symbols
 (/usr/share/texmf-dist/tex/latex/amsfonts/amsfonts.sty
Package: amsfonts 2013/01/14 v3.01 Basic AMSFonts support
\symAMSa=\mathgroup4
\symAMSb=\mathgroup5
LaTeX Font Info:    Redeclaring math symbol \hbar on input line 98.
LaTeX Font Info:    Overwriting math alphabet `\mathfrak' in version `bold'
(Font)                  U/euf/m/n --> U/euf/b/n on input line 106.
)) (/usr/share/texmf-dist/tex/latex/graphics/graphicx.sty
Package: graphicx 2024/12/31 v1.2e Enhanced LaTeX Graphics (DPC,SPQR)
 (/usr/share/texmf-dist/tex/latex/graphics/graphics.sty
Package: graphics 2024/08/06 v1.4g Standard LaTeX Graphics (DPC,SPQR)
 (/usr/share/texmf-dist/tex/latex/graphics/trig.sty
Package: trig 2023/12/02 v1.11 sin cos tan (DPC)
) (/usr/share/texmf-dist/tex/latex/graphics-cfg/graphics.cfg
File: graphics.cfg 2016/06/04 v1.11 sample graphics configuration
)
Package graphics Info: Driver file: pdftex.def on input line 106.
 (/usr/share/texmf-dist/tex/latex/graphics-def/pdftex.def
File: pdftex.def 2025/09/29 v1.2d Graphics/color driver for pdftex
))
\Gin@req@height=\dimen169
\Gin@req@width=\dimen170
) (/usr/share/texmf-dist/tex/latex/multirow/multirow.sty
Package: multirow 2024/11/12 v2.9 Span multiple rows of a table
\multirow@colwidth=\skip79
\multirow@cntb=\count340
\multirow@dima=\skip80
\bigstrutjot=\dimen171
) (/usr/share/texmf-dist/tex/latex/base/fontenc.sty
Package: fontenc 2025/07/18 v2.1d Standard LaTeX package
) (/usr/share/texmf-dist/tex/latex/base/inputenc.sty
Package: inputenc 2024/02/08 v1.3d Input encoding file
\inpenc@prehook=\toks29
\inpenc@posthook=\toks30
) (/usr/share/texmf-dist/tex/latex/l3backend/l3backend-pdftex.def
File: l3backend-pdftex.def 2025-10-09 L3 backend support: PDF output (pdfTeX)
\l__color_backend_stack_int=\count341
) (./pre-calc-40s_jan_13.aux)
\openout1 = `pre-calc-40s_jan_13.aux'.

LaTeX Font Info:    Checking defaults for OML/cmm/m/it on input line 12.
LaTeX Font Info:    ... okay on input line 12.
LaTeX Font Info:    Checking defaults for OMS/cmsy/m/n on input line 12.
LaTeX Font Info:    ... okay on input line 12.
LaTeX Font Info:    Checking defaults for OT1/cmr/m/n on input line 12.
LaTeX Font Info:    ... okay on input line 12.
LaTeX Font Info:    Checking defaults for T1/cmr/m/n on input line 12.
LaTeX Font Info:    ... okay on input line 12.
LaTeX Font Info:    Checking defaults for TS1/cmr/m/n on input line 12.
LaTeX Font Info:    ... okay on input line 12.
LaTeX Font Info:    Checking defaults for OMX/cmex/m/n on input line 12.
LaTeX Font Info:    ... okay on input line 12.
LaTeX Font Info:    Checking defaults for U/cmr/m/n on input line 12.
LaTeX Font Info:    ... okay on input line 12.

*geometry* driver: auto-detecting
*geometry* detected driver: pdftex
*geometry* verbose mode - [ preamble ] result:
* driver: pdftex
* paper: <default>
* layout: <same size as paper>
* layoutoffset:(h,v)=(0.0pt,0.0pt)
* modes: 
* h-part:(L,W,R)=(72.26999pt, 469.75502pt, 72.26999pt)
* v-part:(T,H,B)=(72.26999pt, 650.43001pt, 72.26999pt)
* \paperwidth=614.295pt
* \paperheight=794.96999pt
* \textwidth=469.75502pt
* \textheight=650.43001pt
* \oddsidemargin=0.0pt
* \evensidemargin=0.0pt
* \topmargin=-30.0pt
* \headheight=15.0pt
* \headsep=15.0pt
* \topskip=12.0pt
* \footskip=29.0pt
* \marginparwidth=36.135pt
* \marginparsep=5.0pt
* \columnsep=10.0pt
* \skip\footins=10.8pt plus 4.0pt minus 2.0pt
* \hoffset=0.0pt
* \voffset=0.0pt
* \mag=1000
* \@twocolumnfalse
* \@twosidefalse
* \@mparswitchfalse
* \@reversemarginfalse
* (1in=72.27pt=25.4mm, 1cm=28.453pt)

(/usr/share/texmf-dist/tex/context/base/mkii/supp-pdf.mkii
[Loading MPS to PDF converter (version 2006.09.02).]
\scratchcounter=\count342
\scratchdimen=\dimen172
\scratchbox=\box56
\nofMPsegments=\count343
\nofMParguments=\count344
\everyMPshowfont=\toks31
\MPscratchCnt=\count345
\MPscratchDim=\dimen173
\MPnumerator=\count346
\makeMPintoPDFobject=\count347
\everyMPtoPDFconversion=\toks32
) (/usr/share/texmf-dist/tex/latex/epstopdf-pkg/epstopdf-base.sty
Package: epstopdf-base 2020-01-24 v2.11 Base part for package epstopdf
 (/usr/share/texmf-dist/tex/generic/infwarerr/infwarerr.sty
Package: infwarerr 2019/12/03 v1.5 Providing info/warning/error messages (HO)
) (/usr/share/texmf-dist/tex/latex/grfext/grfext.sty
Package: grfext 2019/12/03 v1.3 Manage graphics extensions (HO)
 (/usr/share/texmf-dist/tex/generic/kvdefinekeys/kvdefinekeys.sty
Package: kvdefinekeys 2019-12-19 v1.6 Define keys (HO)
)) (/usr/share/texmf-dist/tex/latex/kvoptions/kvoptions.sty
Package: kvoptions 2022-06-15 v3.15 Key value format for package options (HO)
 (/usr/share/texmf-dist/tex/generic/ltxcmds/ltxcmds.sty
Package: ltxcmds 2023-12-04 v1.26 LaTeX kernel commands for general use (HO)
) (/usr/share/texmf-dist/tex/latex/kvsetkeys/kvsetkeys.sty
Package: kvsetkeys 2022-10-05 v1.19 Key value parser (HO)
)) (/usr/share/texmf-dist/tex/generic/pdftexcmds/pdftexcmds.sty
Package: pdftexcmds 2020-06-27 v0.33 Utility functions of pdfTeX for LuaTeX (HO)
Package pdftexcmds Info: \pdf@primitive is available.
Package pdftexcmds Info: \pdf@ifprimitive is available.
Package pdftexcmds Info: \pdfdraftmode found.
)
Package epstopdf-base Info: Redefining graphics rule for `.eps' on input line 485.
Package grfext Info: Graphics extension search list:
(grfext)             [.pdf,.png,.jpg,.mps,.jpeg,.jbig2,.jb2,.PDF,.PNG,.JPG,.JPEG,.JBIG2,.JB2,.eps]
(grfext)             \AppendGraphicsExtensions on input line 504.
 (/usr/share/texmf-dist/tex/latex/latexconfig/epstopdf-sys.cfg
File: epstopdf-sys.cfg 2010/07/13 v1.3 Configuration of (r)epstopdf for TeX Live
))
LaTeX Font Info:    Trying to load font information for U+msa on input line 21.
 (/usr/share/texmf-dist/tex/latex/amsfonts/umsa.fd
File: umsa.fd 2013/01/14 v3.01 AMS symbols A
)
LaTeX Font Info:    Trying to load font information for U+msb on input line 21.
 (/usr/share/texmf-dist/tex/latex/amsfonts/umsb.fd
File: umsb.fd 2013/01/14 v3.01 AMS symbols B
)
<figures/2795df6c-6e2d-4017-aae1-564aebe344d4-02_622_660_603_207.jpg, id=1, 662.475pt x 624.3325pt>
File: figures/2795df6c-6e2d-4017-aae1-564aebe344d4-02_622_660_603_207.jpg Graphic file (type jpg)
<use figures/2795df6c-6e2d-4017-aae1-564aebe344d4-02_622_660_603_207.jpg>
Package pdftex.def Info: figures/2795df6c-6e2d-4017-aae1-564aebe344d4-02_622_660_603_207.jpg  used on input line 84.
(pdftex.def)             Requested size: 269.32466pt x 253.81546pt.
 [1

{/var/lib/texmf/fonts/map/pdftex/updmap/pdftex.map}{/usr/share/texmf-dist/fonts/enc/dvips/cm-super/cm-super-t1.enc}{/usr/share/texmf-dist/fonts/enc/dvips/cm-super/cm-super-ts1.enc}]
Overfull \hbox (86.69165pt too wide) detected at line 119
[]
 []

[2 <./figures/2795df6c-6e2d-4017-aae1-564aebe344d4-02_622_660_603_207.jpg>]
<figures/2795df6c-6e2d-4017-aae1-564aebe344d4-05_462_491_898_191.jpg, id=22, 492.84125pt x 463.7325pt>
File: figures/2795df6c-6e2d-4017-aae1-564aebe344d4-05_462_491_898_191.jpg Graphic file (type jpg)
<use figures/2795df6c-6e2d-4017-aae1-564aebe344d4-05_462_491_898_191.jpg>
Package pdftex.def Info: figures/2795df6c-6e2d-4017-aae1-564aebe344d4-05_462_491_898_191.jpg  used on input line 171.
(pdftex.def)             Requested size: 269.32466pt x 253.42618pt.

Underfull \vbox (badness 4505) detected at line 197
 []

[3]
Overfull \hbox (20.8422pt too wide) detected at line 224
[]
 []

[4 <./figures/2795df6c-6e2d-4017-aae1-564aebe344d4-05_462_491_898_191.jpg>] [5] [6]
<figures/2795df6c-6e2d-4017-aae1-564aebe344d4-10_637_641_476_249.jpg, id=37, 643.40375pt x 639.38875pt>
File: figures/2795df6c-6e2d-4017-aae1-564aebe344d4-10_637_641_476_249.jpg Graphic file (type jpg)
<use figures/2795df6c-6e2d-4017-aae1-564aebe344d4-10_637_641_476_249.jpg>
Package pdftex.def Info: figures/2795df6c-6e2d-4017-aae1-564aebe344d4-10_637_641_476_249.jpg  used on input line 377.
(pdftex.def)             Requested size: 269.32466pt x 267.65361pt.
 [7]
<figures/2795df6c-6e2d-4017-aae1-564aebe344d4-12_831_860_517_234.jpg, id=43, 863.225pt x 834.11626pt>
File: figures/2795df6c-6e2d-4017-aae1-564aebe344d4-12_831_860_517_234.jpg Graphic file (type jpg)
<use figures/2795df6c-6e2d-4017-aae1-564aebe344d4-12_831_860_517_234.jpg>
Package pdftex.def Info: figures/2795df6c-6e2d-4017-aae1-564aebe344d4-12_831_860_517_234.jpg  used on input line 411.
(pdftex.def)             Requested size: 269.32466pt x 260.24068pt.
 [8 <./figures/2795df6c-6e2d-4017-aae1-564aebe344d4-10_637_641_476_249.jpg>] [9 <./figures/2795df6c-6e2d-4017-aae1-564aebe344d4-12_831_860_517_234.jpg>] [10] [11]
<figures/2795df6c-6e2d-4017-aae1-564aebe344d4-18_688_695_526_298.jpg, id=58, 697.60625pt x 690.58pt>
File: figures/2795df6c-6e2d-4017-aae1-564aebe344d4-18_688_695_526_298.jpg Graphic file (type jpg)
<use figures/2795df6c-6e2d-4017-aae1-564aebe344d4-18_688_695_526_298.jpg>
Package pdftex.def Info: figures/2795df6c-6e2d-4017-aae1-564aebe344d4-18_688_695_526_298.jpg  used on input line 562.
(pdftex.def)             Requested size: 269.32466pt x 266.60646pt.
<figures/2795df6c-6e2d-4017-aae1-564aebe344d4-18_686_691_526_1168.jpg, id=59, 693.59125pt x 688.5725pt>
File: figures/2795df6c-6e2d-4017-aae1-564aebe344d4-18_686_691_526_1168.jpg Graphic file (type jpg)
<use figures/2795df6c-6e2d-4017-aae1-564aebe344d4-18_686_691_526_1168.jpg>
Package pdftex.def Info: figures/2795df6c-6e2d-4017-aae1-564aebe344d4-18_686_691_526_1168.jpg  used on input line 568.
(pdftex.def)             Requested size: 281.85587pt x 279.82645pt.


LaTeX Warning: `h' float specifier changed to `ht'.

<figures/2795df6c-6e2d-4017-aae1-564aebe344d4-18_894_912_1433_249.jpg, id=60, 915.42pt x 897.3525pt>
File: figures/2795df6c-6e2d-4017-aae1-564aebe344d4-18_894_912_1433_249.jpg Graphic file (type jpg)
<use figures/2795df6c-6e2d-4017-aae1-564aebe344d4-18_894_912_1433_249.jpg>
Package pdftex.def Info: figures/2795df6c-6e2d-4017-aae1-564aebe344d4-18_894_912_1433_249.jpg  used on input line 576.
(pdftex.def)             Requested size: 269.32466pt x 264.00468pt.
<figures/2795df6c-6e2d-4017-aae1-564aebe344d4-18_135_234_1703_1179.jpg, id=61, 234.8775pt x 135.50626pt>
File: figures/2795df6c-6e2d-4017-aae1-564aebe344d4-18_135_234_1703_1179.jpg Graphic file (type jpg)
<use figures/2795df6c-6e2d-4017-aae1-564aebe344d4-18_135_234_1703_1179.jpg>
Package pdftex.def Info: figures/2795df6c-6e2d-4017-aae1-564aebe344d4-18_135_234_1703_1179.jpg  used on input line 586.
(pdftex.def)             Requested size: 269.32466pt x 155.3802pt.

Underfull \vbox (badness 10000) detected at line 594
 []

[12 <./figures/2795df6c-6e2d-4017-aae1-564aebe344d4-18_688_695_526_298.jpg>]
Underfull \vbox (badness 2150) detected at line 594
 []

[13 <./figures/2795df6c-6e2d-4017-aae1-564aebe344d4-18_686_691_526_1168.jpg> <./figures/2795df6c-6e2d-4017-aae1-564aebe344d4-18_894_912_1433_249.jpg>]
Underfull \hbox (badness 10000) in paragraph at lines 597--600

 []

[14 <./figures/2795df6c-6e2d-4017-aae1-564aebe344d4-18_135_234_1703_1179.jpg>]
<figures/2795df6c-6e2d-4017-aae1-564aebe344d4-23_991_1215_859_210.jpg, id=72, 1219.55624pt x 994.71625pt>
File: figures/2795df6c-6e2d-4017-aae1-564aebe344d4-23_991_1215_859_210.jpg Graphic file (type jpg)
<use figures/2795df6c-6e2d-4017-aae1-564aebe344d4-23_991_1215_859_210.jpg>
Package pdftex.def Info: figures/2795df6c-6e2d-4017-aae1-564aebe344d4-23_991_1215_859_210.jpg  used on input line 641.
(pdftex.def)             Requested size: 269.32466pt x 219.67305pt.
 [15 <./figures/2795df6c-6e2d-4017-aae1-564aebe344d4-23_991_1215_859_210.jpg>]
<figures/2795df6c-6e2d-4017-aae1-564aebe344d4-25_796_816_708_214.jpg, id=76, 819.06pt x 798.985pt>
File: figures/2795df6c-6e2d-4017-aae1-564aebe344d4-25_796_816_708_214.jpg Graphic file (type jpg)
<use figures/2795df6c-6e2d-4017-aae1-564aebe344d4-25_796_816_708_214.jpg>
Package pdftex.def Info: figures/2795df6c-6e2d-4017-aae1-564aebe344d4-25_796_816_708_214.jpg  used on input line 688.
(pdftex.def)             Requested size: 269.32466pt x 262.72711pt.
 [16 <./figures/2795df6c-6e2d-4017-aae1-564aebe344d4-25_796_816_708_214.jpg>]
Overfull \hbox (128.74255pt too wide) in paragraph at lines 754--761
 [] 
 []

<figures/2795df6c-6e2d-4017-aae1-564aebe344d4-27_544_579_569_259.jpg, id=80, 581.17125pt x 546.04pt>
File: figures/2795df6c-6e2d-4017-aae1-564aebe344d4-27_544_579_569_259.jpg Graphic file (type jpg)
<use figures/2795df6c-6e2d-4017-aae1-564aebe344d4-27_544_579_569_259.jpg>
Package pdftex.def Info: figures/2795df6c-6e2d-4017-aae1-564aebe344d4-27_544_579_569_259.jpg  used on input line 764.
(pdftex.def)             Requested size: 269.32466pt x 253.04779pt.
[17]
<figures/2795df6c-6e2d-4017-aae1-564aebe344d4-27_540_578_567_1014.jpg, id=84, 580.1675pt x 542.025pt>
File: figures/2795df6c-6e2d-4017-aae1-564aebe344d4-27_540_578_567_1014.jpg Graphic file (type jpg)
<use figures/2795df6c-6e2d-4017-aae1-564aebe344d4-27_540_578_567_1014.jpg>
Package pdftex.def Info: figures/2795df6c-6e2d-4017-aae1-564aebe344d4-27_540_578_567_1014.jpg  used on input line 768.
(pdftex.def)             Requested size: 269.32466pt x 251.61722pt.
<figures/2795df6c-6e2d-4017-aae1-564aebe344d4-29_787_1180_638_174.jpg, id=85, 1184.425pt x 789.95125pt>
File: figures/2795df6c-6e2d-4017-aae1-564aebe344d4-29_787_1180_638_174.jpg Graphic file (type jpg)
<use figures/2795df6c-6e2d-4017-aae1-564aebe344d4-29_787_1180_638_174.jpg>
Package pdftex.def Info: figures/2795df6c-6e2d-4017-aae1-564aebe344d4-29_787_1180_638_174.jpg  used on input line 812.
(pdftex.def)             Requested size: 269.32466pt x 179.62378pt.
 [18 <./figures/2795df6c-6e2d-4017-aae1-564aebe344d4-27_544_579_569_259.jpg> <./figures/2795df6c-6e2d-4017-aae1-564aebe344d4-27_540_578_567_1014.jpg>] [19 <./figures/2795df6c-6e2d-4017-aae1-564aebe344d4-29_787_1180_638_174.jpg>]
<figures/2795df6c-6e2d-4017-aae1-564aebe344d4-30_922_1049_928_163.jpg, id=93, 1052.93375pt x 925.4575pt>
File: figures/2795df6c-6e2d-4017-aae1-564aebe344d4-30_922_1049_928_163.jpg Graphic file (type jpg)
<use figures/2795df6c-6e2d-4017-aae1-564aebe344d4-30_922_1049_928_163.jpg>
Package pdftex.def Info: figures/2795df6c-6e2d-4017-aae1-564aebe344d4-30_922_1049_928_163.jpg  used on input line 847.
(pdftex.def)             Requested size: 269.32466pt x 236.71579pt.
<figures/2795df6c-6e2d-4017-aae1-564aebe344d4-31_921_1209_431_225.jpg, id=94, 1213.53375pt x 924.45375pt>
File: figures/2795df6c-6e2d-4017-aae1-564aebe344d4-31_921_1209_431_225.jpg Graphic file (type jpg)
<use figures/2795df6c-6e2d-4017-aae1-564aebe344d4-31_921_1209_431_225.jpg>
Package pdftex.def Info: figures/2795df6c-6e2d-4017-aae1-564aebe344d4-31_921_1209_431_225.jpg  used on input line 858.
(pdftex.def)             Requested size: 269.32466pt x 205.1719pt.

Underfull \hbox (badness 10000) in paragraph at lines 861--866

 []

[20 <./figures/2795df6c-6e2d-4017-aae1-564aebe344d4-30_922_1049_928_163.jpg>] [21 <./figures/2795df6c-6e2d-4017-aae1-564aebe344d4-31_921_1209_431_225.jpg>]
<figures/2795df6c-6e2d-4017-aae1-564aebe344d4-34_678_717_483_283.jpg, id=101, 719.68875pt x 680.5425pt>
File: figures/2795df6c-6e2d-4017-aae1-564aebe344d4-34_678_717_483_283.jpg Graphic file (type jpg)
<use figures/2795df6c-6e2d-4017-aae1-564aebe344d4-34_678_717_483_283.jpg>
Package pdftex.def Info: figures/2795df6c-6e2d-4017-aae1-564aebe344d4-34_678_717_483_283.jpg  used on input line 943.
(pdftex.def)             Requested size: 269.32466pt x 254.6836pt.
<figures/2795df6c-6e2d-4017-aae1-564aebe344d4-34_682_714_485_1119.jpg, id=102, 716.6775pt x 684.5575pt>
File: figures/2795df6c-6e2d-4017-aae1-564aebe344d4-34_682_714_485_1119.jpg Graphic file (type jpg)
<use figures/2795df6c-6e2d-4017-aae1-564aebe344d4-34_682_714_485_1119.jpg>
Package pdftex.def Info: figures/2795df6c-6e2d-4017-aae1-564aebe344d4-34_682_714_485_1119.jpg  used on input line 944.
(pdftex.def)             Requested size: 269.32466pt x 257.25159pt.

Underfull \vbox (badness 5245) detected at line 975
 []

[22]
Underfull \vbox (badness 8000) detected at line 975
 []


Underfull \vbox (badness 6094) detected at line 975
 []

[23 <./figures/2795df6c-6e2d-4017-aae1-564aebe344d4-34_678_717_483_283.jpg> <./figures/2795df6c-6e2d-4017-aae1-564aebe344d4-34_682_714_485_1119.jpg>]
<figures/2795df6c-6e2d-4017-aae1-564aebe344d4-35_884_955_1499_229.jpg, id=109, 958.58125pt x 887.315pt>
File: figures/2795df6c-6e2d-4017-aae1-564aebe344d4-35_884_955_1499_229.jpg Graphic file (type jpg)
<use figures/2795df6c-6e2d-4017-aae1-564aebe344d4-35_884_955_1499_229.jpg>
Package pdftex.def Info: figures/2795df6c-6e2d-4017-aae1-564aebe344d4-35_884_955_1499_229.jpg  used on input line 998.
(pdftex.def)             Requested size: 269.32466pt x 249.29948pt.

Underfull \vbox (badness 10000) detected at line 1007
 []

[24] [25 <./figures/2795df6c-6e2d-4017-aae1-564aebe344d4-35_884_955_1499_229.jpg>]
<figures/2795df6c-6e2d-4017-aae1-564aebe344d4-36_667_726_1935_216.jpg, id=117, 728.7225pt x 669.50125pt>
File: figures/2795df6c-6e2d-4017-aae1-564aebe344d4-36_667_726_1935_216.jpg Graphic file (type jpg)
<use figures/2795df6c-6e2d-4017-aae1-564aebe344d4-36_667_726_1935_216.jpg>
Package pdftex.def Info: figures/2795df6c-6e2d-4017-aae1-564aebe344d4-36_667_726_1935_216.jpg  used on input line 1043.
(pdftex.def)             Requested size: 269.32466pt x 247.43576pt.
 [26 <./figures/2795df6c-6e2d-4017-aae1-564aebe344d4-36_667_726_1935_216.jpg>]
<figures/2795df6c-6e2d-4017-aae1-564aebe344d4-39_829_796_708_212.jpg, id=121, 798.985pt x 832.10875pt>
File: figures/2795df6c-6e2d-4017-aae1-564aebe344d4-39_829_796_708_212.jpg Graphic file (type jpg)
<use figures/2795df6c-6e2d-4017-aae1-564aebe344d4-39_829_796_708_212.jpg>
Package pdftex.def Info: figures/2795df6c-6e2d-4017-aae1-564aebe344d4-39_829_796_708_212.jpg  used on input line 1116.
(pdftex.def)             Requested size: 269.32466pt x 280.48811pt.

Underfull \vbox (badness 10000) detected at line 1124
 []

[27] [28 <./figures/2795df6c-6e2d-4017-aae1-564aebe344d4-39_829_796_708_212.jpg>]
<figures/2795df6c-6e2d-4017-aae1-564aebe344d4-40_195_418_1963_1138.jpg, id=128, 419.5675pt x 195.73125pt>
File: figures/2795df6c-6e2d-4017-aae1-564aebe344d4-40_195_418_1963_1138.jpg Graphic file (type jpg)
<use figures/2795df6c-6e2d-4017-aae1-564aebe344d4-40_195_418_1963_1138.jpg>
Package pdftex.def Info: figures/2795df6c-6e2d-4017-aae1-564aebe344d4-40_195_418_1963_1138.jpg  used on input line 1195.
(pdftex.def)             Requested size: 269.32466pt x 125.64088pt.
 [29 <./figures/2795df6c-6e2d-4017-aae1-564aebe344d4-40_195_418_1963_1138.jpg>] [30]
This exam contains 33 questions with 0 parts, 0 subparts, and 0 subsubparts.
This exam has a total of 0 points.
This exam has a total of 0 bonus points.
(./pre-calc-40s_jan_13.aux)
 ***********
LaTeX2e <2025-11-01>
L3 programming layer <2026-01-19>
 ***********
 ) 
Here is how much of TeX's memory you used:
 5562 strings out of 469515
 97688 string characters out of 5470808
 501969 words of memory out of 5000000
 34151 multiletter control sequences out of 15000+600000
 638246 words of font info for 68 fonts, out of 8000000 for 9000
 14 hyphenation exceptions out of 8191
 59i,16n,67p,403b,441s stack positions out of 10000i,1000n,20000p,200000b,200000s
</usr/share/texmf-dist/fonts/type1/public/amsfonts/cm/cmbx12.pfb></usr/share/texmf-dist/fonts/type1/public/amsfonts/cm/cmex10.pfb></usr/share/texmf-dist/fonts/type1/public/amsfonts/cm/cmmi12.pfb></usr/share/texmf-dist/fonts/type1/public/amsfonts/cm/cmmi8.pfb></usr/share/texmf-dist/fonts/type1/public/amsfonts/cm/cmr12.pfb></usr/share/texmf-dist/fonts/type1/public/amsfonts/cm/cmr6.pfb></usr/share/texmf-dist/fonts/type1/public/amsfonts/cm/cmr8.pfb></usr/share/texmf-dist/fonts/type1/public/amsfonts/cm/cmsy10.pfb></usr/share/texmf-dist/fonts/type1/public/amsfonts/cm/cmsy6.pfb></usr/share/texmf-dist/fonts/type1/public/amsfonts/cm/cmsy8.pfb></usr/share/texmf-dist/fonts/type1/public/amsfonts/symbols/msam10.pfb></usr/share/texmf-dist/fonts/type1/public/amsfonts/symbols/msbm10.pfb></usr/share/texmf-dist/fonts/type1/public/cm-super/sfbx1200.pfb></usr/share/texmf-dist/fonts/type1/public/cm-super/sfbx1728.pfb></usr/share/texmf-dist/fonts/type1/public/cm-super/sfrm0800.pfb></usr/share/texmf-dist/fonts/type1/public/cm-super/sfrm1200.pfb>
Output written on pre-calc-40s_jan_13.pdf (30 pages, 1046218 bytes).
PDF statistics:
 207 PDF objects out of 1000 (max. 8388607)
 119 compressed objects within 2 object streams
 0 named destinations out of 1000 (max. 500000)
 106 words of extra memory for PDF output out of 10000 (max. 10000000)

