This is pdfTeX, Version 3.141592653-2.6-1.40.29 (TeX Live 2026/Arch Linux) (preloaded format=pdflatex 2026.4.9)  4 MAY 2026 21:47
entering extended mode
 restricted \write18 enabled.
 %&-line parsing enabled.
**pre-calc-40s_jan_13_mg-only_cleaned_aggressive_formatted.tex
(./pre-calc-40s_jan_13_mg-only_cleaned_aggressive_formatted.tex
LaTeX2e <2025-11-01>
L3 programming layer <2026-01-19>
(/usr/share/texmf-dist/tex/latex/exam/exam.cls
Document Class: exam 2023/07/09 Version 2.704 by Philip Hirschhorn
(/usr/share/texmf-dist/tex/latex/base/ifthen.sty
Package: ifthen 2024/03/16 v1.1e Standard LaTeX ifthen package (DPC)
)
(/usr/share/texmf-dist/tex/latex/base/article.cls
Document Class: article 2025/01/22 v1.4n Standard LaTeX document class
(/usr/share/texmf-dist/tex/latex/base/size12.clo
File: size12.clo 2025/01/22 v1.4n Standard LaTeX file (size option)
)
\c@part=\count275
\c@section=\count276
\c@subsection=\count277
\c@subsubsection=\count278
\c@paragraph=\count279
\c@subparagraph=\count280
\c@figure=\count281
\c@table=\count282
\abovecaptionskip=\skip49
\belowcaptionskip=\skip50
\bibindent=\dimen148
)
\@extrawidth=\skip51
\@rightmargin=\skip52
\@extrahead=\skip53
\@extrafoot=\skip54
\run@exhd=\skip55
\fp@exhd=\skip56
\run@exft=\skip57
\fp@exft=\skip58
\covrun@exhd=\skip59
\covfp@exhd=\skip60
\covrun@exft=\skip61
\covfp@exft=\skip62
\c@num@coverpages=\count283
\c@latest@ques=\count284
\c@ques@end=\count285
\c@last@object=\count286
\c@incmp@ques=\count287
\c@next@ques=\count288
\c@next@page=\count289
\c@tmp@hlfcntr=\count290
\c@ifpos@cntr=\count291
\c@question=\count292
\c@partno=\count293
\c@subpart=\count294
\c@subsubpart=\count295
\c@choice=\count296
\c@numpoints=\count297
\c@numbonuspoints=\count298
\c@pointsof@thisquestion=\count299
\c@bonuspointsof@thisquestion=\count300
\c@numquestions=\count301
\c@numparts=\count302
\c@numsubparts=\count303
\c@numsubsubparts=\count304
\c@Curr@Page=\count305
\c@@pagepoints=\count306
\c@@pagebonuspoints=\count307
\c@pageof@pagepoints=\count308
\c@pageof@pagebonuspoints=\count309
\c@latest@points=\count310
\c@latest@bonuspoints=\count311
\pageinfo@commands=\toks17
\temp@toks=\toks18
\pagepoint@commands=\toks19
\point@toks=\toks20
\c@ques@object=\count312
\marginpointssep=\skip63
\rightpointsmargin=\skip64
\choice@toks=\toks21
\answerlinelength=\skip65
\answerskip=\skip66
\answerclearance=\skip67
\fillinlinelength=\skip68
\linefillheight=\skip69
\linefillthickness=\skip70
\dottedlinefillheight=\skip71
\gridsize=\skip72
\gridlinewidth=\skip73
\minboxheight=\skip74
\c@@iterator=\count313
\@cellwidth=\skip75
\c@tbl@points=\count314
\c@tbl@bonuspoints=\count315
\c@pq@index=\count316
\c@pq@index@pts=\count317
\c@pq@index@bpts=\count318
\c@num@cols=\count319
\c@num@rows=\count320
\c@current@row=\count321
\c@cols@done=\count322
\c@exam@saved@eqnum=\count323
\exam@box=\box53
\saved@totalleftmargin=\dimen149
\@sollistdepth=\count324
\exam@FrameRule=\dimen150
\exam@FrameSep=\dimen151
)
(/usr/share/texmf-dist/tex/latex/base/inputenc.sty
Package: inputenc 2024/02/08 v1.3d Input encoding file
\inpenc@prehook=\toks22
\inpenc@posthook=\toks23
)
(/usr/share/texmf-dist/tex/latex/base/fontenc.sty
Package: fontenc 2025/07/18 v2.1d Standard LaTeX package
)
(/usr/share/texmf-dist/tex/latex/amsmath/amsmath.sty
Package: amsmath 2025/07/09 v2.17z AMS math features
\@mathmargin=\skip76

For additional information on amsmath, use the `?' option.
(/usr/share/texmf-dist/tex/latex/amsmath/amstext.sty
Package: amstext 2024/11/17 v2.01 AMS text

(/usr/share/texmf-dist/tex/latex/amsmath/amsgen.sty
File: amsgen.sty 1999/11/30 v2.0 generic functions
\@emptytoks=\toks24
\ex@=\dimen152
))
(/usr/share/texmf-dist/tex/latex/amsmath/amsbsy.sty
Package: amsbsy 1999/11/29 v1.2d Bold Symbols
\pmbraise@=\dimen153
)
(/usr/share/texmf-dist/tex/latex/amsmath/amsopn.sty
Package: amsopn 2022/04/08 v2.04 operator names
)
\inf@bad=\count325
LaTeX Info: Redefining \frac on input line 233.
\uproot@=\count326
\leftroot@=\count327
LaTeX Info: Redefining \overline on input line 398.
LaTeX Info: Redefining \colon on input line 409.
\classnum@=\count328
\DOTSCASE@=\count329
LaTeX Info: Redefining \ldots on input line 495.
LaTeX Info: Redefining \dots on input line 498.
LaTeX Info: Redefining \cdots on input line 619.
\Mathstrutbox@=\box54
\strutbox@=\box55
LaTeX Info: Redefining \big on input line 721.
LaTeX Info: Redefining \Big on input line 722.
LaTeX Info: Redefining \bigg on input line 723.
LaTeX Info: Redefining \Bigg on input line 724.
\big@size=\dimen154
LaTeX Font Info:    Redeclaring font encoding OML on input line 742.
LaTeX Font Info:    Redeclaring font encoding OMS on input line 743.
\macc@depth=\count330
LaTeX Info: Redefining \bmod on input line 904.
LaTeX Info: Redefining \pmod on input line 909.
LaTeX Info: Redefining \smash on input line 939.
LaTeX Info: Redefining \relbar on input line 969.
LaTeX Info: Redefining \Relbar on input line 970.
\c@MaxMatrixCols=\count331
\dotsspace@=\muskip17
\c@parentequation=\count332
\dspbrk@lvl=\count333
\tag@help=\toks25
\row@=\count334
\column@=\count335
\maxfields@=\count336
\andhelp@=\toks26
\eqnshift@=\dimen155
\alignsep@=\dimen156
\tagshift@=\dimen157
\tagwidth@=\dimen158
\totwidth@=\dimen159
\lineht@=\dimen160
\@envbody=\toks27
\multlinegap=\skip77
\multlinetaggap=\skip78
\mathdisplay@stack=\toks28
LaTeX Info: Redefining \[ on input line 2950.
LaTeX Info: Redefining \] on input line 2951.
)
(/usr/share/texmf-dist/tex/latex/amsfonts/amsfonts.sty
Package: amsfonts 2013/01/14 v3.01 Basic AMSFonts support
\symAMSa=\mathgroup4
\symAMSb=\mathgroup5
LaTeX Font Info:    Redeclaring math symbol \hbar on input line 98.
LaTeX Font Info:    Overwriting math alphabet `\mathfrak' in version `bold'
(Font)                  U/euf/m/n --> U/euf/b/n on input line 106.
)
(/usr/share/texmf-dist/tex/latex/amsfonts/amssymb.sty
Package: amssymb 2013/01/14 v3.01 AMS font symbols
)
(/usr/share/texmf-dist/tex/latex/graphics/graphicx.sty
Package: graphicx 2024/12/31 v1.2e Enhanced LaTeX Graphics (DPC,SPQR)

(/usr/share/texmf-dist/tex/latex/graphics/keyval.sty
Package: keyval 2022/05/29 v1.15 key=value parser (DPC)
\KV@toks@=\toks29
)
(/usr/share/texmf-dist/tex/latex/graphics/graphics.sty
Package: graphics 2024/08/06 v1.4g Standard LaTeX Graphics (DPC,SPQR)

(/usr/share/texmf-dist/tex/latex/graphics/trig.sty
Package: trig 2023/12/02 v1.11 sin cos tan (DPC)
)
(/usr/share/texmf-dist/tex/latex/graphics-cfg/graphics.cfg
File: graphics.cfg 2016/06/04 v1.11 sample graphics configuration
)
Package graphics Info: Driver file: pdftex.def on input line 106.

(/usr/share/texmf-dist/tex/latex/graphics-def/pdftex.def
File: pdftex.def 2025/09/29 v1.2d Graphics/color driver for pdftex
))
\Gin@req@height=\dimen161
\Gin@req@width=\dimen162
)
(/usr/share/texmf-dist/tex/latex/geometry/geometry.sty
Package: geometry 2020/01/02 v5.9 Page Geometry

(/usr/share/texmf-dist/tex/generic/iftex/ifvtex.sty
Package: ifvtex 2019/10/25 v1.7 ifvtex legacy package. Use iftex instead.

(/usr/share/texmf-dist/tex/generic/iftex/iftex.sty
Package: iftex 2024/12/12 v1.0g TeX engine tests
))
\Gm@cnth=\count337
\Gm@cntv=\count338
\c@Gm@tempcnt=\count339
\Gm@bindingoffset=\dimen163
\Gm@wd@mp=\dimen164
\Gm@odd@mp=\dimen165
\Gm@even@mp=\dimen166
\Gm@layoutwidth=\dimen167
\Gm@layoutheight=\dimen168
\Gm@layouthoffset=\dimen169
\Gm@layoutvoffset=\dimen170
\Gm@dimlist=\toks30
)
(/usr/share/texmf-dist/tex/latex/l3backend/l3backend-pdftex.def
File: l3backend-pdftex.def 2025-10-09 L3 backend support: PDF output (pdfTeX)
\l__color_backend_stack_int=\count340
)
(./pre-calc-40s_jan_13_mg-only_cleaned_aggressive_formatted.aux)
\openout1 = `pre-calc-40s_jan_13_mg-only_cleaned_aggressive_formatted.aux'.

LaTeX Font Info:    Checking defaults for OML/cmm/m/it on input line 14.
LaTeX Font Info:    ... okay on input line 14.
LaTeX Font Info:    Checking defaults for OMS/cmsy/m/n on input line 14.
LaTeX Font Info:    ... okay on input line 14.
LaTeX Font Info:    Checking defaults for OT1/cmr/m/n on input line 14.
LaTeX Font Info:    ... okay on input line 14.
LaTeX Font Info:    Checking defaults for T1/cmr/m/n on input line 14.
LaTeX Font Info:    ... okay on input line 14.
LaTeX Font Info:    Checking defaults for TS1/cmr/m/n on input line 14.
LaTeX Font Info:    ... okay on input line 14.
LaTeX Font Info:    Checking defaults for OMX/cmex/m/n on input line 14.
LaTeX Font Info:    ... okay on input line 14.
LaTeX Font Info:    Checking defaults for U/cmr/m/n on input line 14.
LaTeX Font Info:    ... okay on input line 14.

(/usr/share/texmf-dist/tex/context/base/mkii/supp-pdf.mkii
[Loading MPS to PDF converter (version 2006.09.02).]
\scratchcounter=\count341
\scratchdimen=\dimen171
\scratchbox=\box56
\nofMPsegments=\count342
\nofMParguments=\count343
\everyMPshowfont=\toks31
\MPscratchCnt=\count344
\MPscratchDim=\dimen172
\MPnumerator=\count345
\makeMPintoPDFobject=\count346
\everyMPtoPDFconversion=\toks32
) (/usr/share/texmf-dist/tex/latex/epstopdf-pkg/epstopdf-base.sty
Package: epstopdf-base 2020-01-24 v2.11 Base part for package epstopdf
Package epstopdf-base Info: Redefining graphics rule for `.eps' on input line 4
85.

(/usr/share/texmf-dist/tex/latex/latexconfig/epstopdf-sys.cfg
File: epstopdf-sys.cfg 2010/07/13 v1.3 Configuration of (r)epstopdf for TeX Liv
e
))
*geometry* driver: auto-detecting
*geometry* detected driver: pdftex
*geometry* verbose mode - [ preamble ] result:
* driver: pdftex
* paper: <default>
* layout: <same size as paper>
* layoutoffset:(h,v)=(0.0pt,0.0pt)
* modes: 
* h-part:(L,W,R)=(72.26999pt, 469.75502pt, 72.26999pt)
* v-part:(T,H,B)=(72.26999pt, 650.43001pt, 72.26999pt)
* \paperwidth=614.295pt
* \paperheight=794.96999pt
* \textwidth=469.75502pt
* \textheight=650.43001pt
* \oddsidemargin=0.0pt
* \evensidemargin=0.0pt
* \topmargin=-30.0pt
* \headheight=15.0pt
* \headsep=15.0pt
* \topskip=12.0pt
* \footskip=29.0pt
* \marginparwidth=36.135pt
* \marginparsep=5.0pt
* \columnsep=10.0pt
* \skip\footins=10.8pt plus 4.0pt minus 2.0pt
* \hoffset=0.0pt
* \voffset=0.0pt
* \mag=1000
* \@twocolumnfalse
* \@twosidefalse
* \@mparswitchfalse
* \@reversemarginfalse
* (1in=72.27pt=25.4mm, 1cm=28.453pt)

LaTeX Font Info:    Trying to load font information for U+msa on input line 15.

(/usr/share/texmf-dist/tex/latex/amsfonts/umsa.fd
File: umsa.fd 2013/01/14 v3.01 AMS symbols A
)
LaTeX Font Info:    Trying to load font information for U+msb on input line 15.


(/usr/share/texmf-dist/tex/latex/amsfonts/umsb.fd
File: umsb.fd 2013/01/14 v3.01 AMS symbols B
)
<./images/2795df6c-6e2d-4017-aae1-564aebe344d4-02_622_660_603_207.jpg, id=1, 66
2.475pt x 624.3325pt>
File: ./images/2795df6c-6e2d-4017-aae1-564aebe344d4-02_622_660_603_207.jpg Grap
hic file (type jpg)
<use ./images/2795df6c-6e2d-4017-aae1-564aebe344d4-02_622_660_603_207.jpg>
Package pdftex.def Info: ./images/2795df6c-6e2d-4017-aae1-564aebe344d4-02_622_6
60_603_207.jpg  used on input line 35.
(pdftex.def)             Requested size: 375.80544pt x 354.16797pt.


! Package keyval Error: center undefined.

See the keyval package documentation for explanation.
Type  H <return>  for immediate help.
 ...                                              
                                                  
l.85 ...4017-aae1-564aebe344d4-02_622_660_603_207}
                                                  \\
Try typing  <return>  to proceed.
If that doesn't work, type  X <return>  to quit.

File: ./images/2795df6c-6e2d-4017-aae1-564aebe344d4-02_622_660_603_207.jpg Grap
hic file (type jpg)
<use ./images/2795df6c-6e2d-4017-aae1-564aebe344d4-02_622_660_603_207.jpg>
Package pdftex.def Info: ./images/2795df6c-6e2d-4017-aae1-564aebe344d4-02_622_6
60_603_207.jpg  used on input line 85.
(pdftex.def)             Requested size: 375.80544pt x 354.16797pt.

Underfull \hbox (badness 10000) in paragraph at lines 102--103

 []

[1

{/var/lib/texmf/fonts/map/pdftex/updmap/pdftex.map}{/usr/share/texmf-dist/fonts
/enc/dvips/cm-super/cm-super-t1.enc} <./images/2795df6c-6e2d-4017-aae1-564aebe3
44d4-02_622_660_603_207.jpg>]
Overfull \hbox (65.8065pt too wide) detected at line 118
[]
 []

<./images/2795df6c-6e2d-4017-aae1-564aebe344d4-05_462_491_898_191.jpg, id=13, 4
92.84125pt x 463.7325pt>
File: ./images/2795df6c-6e2d-4017-aae1-564aebe344d4-05_462_491_898_191.jpg Grap
hic file (type jpg)
<use ./images/2795df6c-6e2d-4017-aae1-564aebe344d4-05_462_491_898_191.jpg>
Package pdftex.def Info: ./images/2795df6c-6e2d-4017-aae1-564aebe344d4-05_462_4
91_898_191.jpg  used on input line 140.
(pdftex.def)             Requested size: 375.80544pt x 353.62204pt.

Underfull \hbox (badness 10000) in paragraph at lines 164--166

 []


! Package keyval Error: center undefined.

See the keyval package documentation for explanation.
Type  H <return>  for immediate help.
 ...                                              
                                                  
l.170 ...017-aae1-564aebe344d4-05_462_491_898_191}
                                                  \\
Try typing  <return>  to proceed.
If that doesn't work, type  X <return>  to quit.

File: ./images/2795df6c-6e2d-4017-aae1-564aebe344d4-05_462_491_898_191.jpg Grap
hic file (type jpg)
<use ./images/2795df6c-6e2d-4017-aae1-564aebe344d4-05_462_491_898_191.jpg>
Package pdftex.def Info: ./images/2795df6c-6e2d-4017-aae1-564aebe344d4-05_462_4
91_898_191.jpg  used on input line 170.
(pdftex.def)             Requested size: 375.80544pt x 353.62204pt.
[2 <./images/2795df6c-6e2d-4017-aae1-564aebe344d4-05_462_491_898_191.jpg>]
Underfull \hbox (badness 10000) in paragraph at lines 267--268

 []


Underfull \hbox (badness 10000) in paragraph at lines 291--294

 []


Underfull \hbox (badness 10000) in paragraph at lines 307--311

 []


! Package keyval Error: center undefined.

See the keyval package documentation for explanation.
Type  H <return>  for immediate help.
 ...                                              
                                                  
l.355 ...017-aae1-564aebe344d4-10_637_641_476_249}
                                                  
Try typing  <return>  to proceed.
If that doesn't work, type  X <return>  to quit.

<./images/2795df6c-6e2d-4017-aae1-564aebe344d4-10_637_641_476_249.jpg, id=20, 6
43.40375pt x 639.38875pt>
File: ./images/2795df6c-6e2d-4017-aae1-564aebe344d4-10_637_641_476_249.jpg Grap
hic file (type jpg)
<use ./images/2795df6c-6e2d-4017-aae1-564aebe344d4-10_637_641_476_249.jpg>
Package pdftex.def Info: ./images/2795df6c-6e2d-4017-aae1-564aebe344d4-10_637_6
41_476_249.jpg  used on input line 355.
(pdftex.def)             Requested size: 375.80544pt x 373.47017pt.
File: ./images/2795df6c-6e2d-4017-aae1-564aebe344d4-10_637_641_476_249.jpg Grap
hic file (type jpg)
<use ./images/2795df6c-6e2d-4017-aae1-564aebe344d4-10_637_641_476_249.jpg>
Package pdftex.def Info: ./images/2795df6c-6e2d-4017-aae1-564aebe344d4-10_637_6
41_476_249.jpg  used on input line 357.
(pdftex.def)             Requested size: 375.80544pt x 373.47017pt.
[3 <./images/2795df6c-6e2d-4017-aae1-564aebe344d4-10_637_641_476_249.jpg>]
Underfull \hbox (badness 10000) in paragraph at lines 362--363

 []


Underfull \hbox (badness 10000) in paragraph at lines 381--382

 []


! Package keyval Error: center undefined.

See the keyval package documentation for explanation.
Type  H <return>  for immediate help.
 ...                                              
                                                  
l.387 ...017-aae1-564aebe344d4-12_831_860_517_234}
                                                  
Try typing  <return>  to proceed.
If that doesn't work, type  X <return>  to quit.

<./images/2795df6c-6e2d-4017-aae1-564aebe344d4-12_831_860_517_234.jpg, id=24, 8
63.225pt x 834.11626pt>
File: ./images/2795df6c-6e2d-4017-aae1-564aebe344d4-12_831_860_517_234.jpg Grap
hic file (type jpg)
<use ./images/2795df6c-6e2d-4017-aae1-564aebe344d4-12_831_860_517_234.jpg>
Package pdftex.def Info: ./images/2795df6c-6e2d-4017-aae1-564aebe344d4-12_831_8
60_517_234.jpg  used on input line 387.
(pdftex.def)             Requested size: 375.80544pt x 363.13039pt.
[4]
File: ./images/2795df6c-6e2d-4017-aae1-564aebe344d4-12_831_860_517_234.jpg Grap
hic file (type jpg)
<use ./images/2795df6c-6e2d-4017-aae1-564aebe344d4-12_831_860_517_234.jpg>
Package pdftex.def Info: ./images/2795df6c-6e2d-4017-aae1-564aebe344d4-12_831_8
60_517_234.jpg  used on input line 389.
(pdftex.def)             Requested size: 375.80544pt x 363.13039pt.
 [5 <./images/2795df6c-6e2d-4017-aae1-564aebe344d4-12_831_860_517_234.jpg>]
Underfull \hbox (badness 10000) in paragraph at lines 395--396

 []


Underfull \hbox (badness 10000) in paragraph at lines 412--413

 []


Underfull \hbox (badness 10000) in paragraph at lines 421--422

 []


Underfull \hbox (badness 10000) in paragraph at lines 442--446

 []


Underfull \hbox (badness 10000) in paragraph at lines 473--478

 []

<./images/2795df6c-6e2d-4017-aae1-564aebe344d4-18_688_695_526_298.jpg, id=31, 6
97.60625pt x 690.58pt>
File: ./images/2795df6c-6e2d-4017-aae1-564aebe344d4-18_688_695_526_298.jpg Grap
hic file (type jpg)
<use ./images/2795df6c-6e2d-4017-aae1-564aebe344d4-18_688_695_526_298.jpg>
Package pdftex.def Info: ./images/2795df6c-6e2d-4017-aae1-564aebe344d4-18_688_6
95_526_298.jpg  used on input line 485.
(pdftex.def)             Requested size: 375.80544pt x 372.0225pt.
[6]
<./images/2795df6c-6e2d-4017-aae1-564aebe344d4-18_686_691_526_1168.jpg, id=35, 
693.59125pt x 688.5725pt>
File: ./images/2795df6c-6e2d-4017-aae1-564aebe344d4-18_686_691_526_1168.jpg Gra
phic file (type jpg)
<use ./images/2795df6c-6e2d-4017-aae1-564aebe344d4-18_686_691_526_1168.jpg>
Package pdftex.def Info: ./images/2795df6c-6e2d-4017-aae1-564aebe344d4-18_686_6
91_526_1168.jpg  used on input line 487.
(pdftex.def)             Requested size: 375.80544pt x 373.09492pt.
 [7 <./images/2795df6c-6e2d-4017-aae1-564aebe344d4-18_688_695_526_298.jpg>]
File: ./images/2795df6c-6e2d-4017-aae1-564aebe344d4-18_688_695_526_298.jpg Grap
hic file (type jpg)
<use ./images/2795df6c-6e2d-4017-aae1-564aebe344d4-18_688_695_526_298.jpg>
Package pdftex.def Info: ./images/2795df6c-6e2d-4017-aae1-564aebe344d4-18_688_6
95_526_298.jpg  used on input line 521.
(pdftex.def)             Requested size: 375.80544pt x 372.0225pt.


! LaTeX Error: Not in outer par mode.

See the LaTeX manual or LaTeX Companion for explanation.
Type  H <return>  for immediate help.
 ...                                              
                                                  
l.524 \begin{figure}[h]
                       
You've lost some text.  Try typing  <return>  to proceed.
If that doesn't work, type  X <return>  to quit.

! Undefined control sequence.
\@xfloat ...@fltovf \fi \global \setbox \@currbox 
                                                  \color@vbox \normalcolor \...
l.524 \begin{figure}[h]
                       
The control sequence at the end of the top line
of your error message was never \def'ed. If you have
misspelled it (e.g., `\hobx'), type `I' and the correct
spelling (e.g., `I\hbox'). Otherwise just continue,
and I'll forget about whatever was undefined.

! Missing number, treated as zero.
<to be read again> 
                   \vbox 
l.524 \begin{figure}[h]
                       
A number should have been here; I inserted `0'.
(If you can't figure out why I needed to see a number,
look up `weird error' in the index to The TeXbook.)

! Undefined control sequence.
l.526 \captionsetup
                   {labelformat=empty}
The control sequence at the end of the top line
of your error message was never \def'ed. If you have
misspelled it (e.g., `\hobx'), type `I' and the correct
spelling (e.g., `I\hbox'). Otherwise just continue,
and I'll forget about whatever was undefined.


! Package keyval Error: max width undefined.

See the keyval package documentation for explanation.
Type  H <return>  for immediate help.
 ...                                              
                                                  
l.528 ...17-aae1-564aebe344d4-18_686_691_526_1168}
                                                  
Try typing  <return>  to proceed.
If that doesn't work, type  X <return>  to quit.

File: ./images/2795df6c-6e2d-4017-aae1-564aebe344d4-18_686_691_526_1168.jpg Gra
phic file (type jpg)
<use ./images/2795df6c-6e2d-4017-aae1-564aebe344d4-18_686_691_526_1168.jpg>
Package pdftex.def Info: ./images/2795df6c-6e2d-4017-aae1-564aebe344d4-18_686_6
91_526_1168.jpg  used on input line 528.
(pdftex.def)             Requested size: 693.58955pt x 688.5708pt.

Overfull \hbox (223.83453pt too wide) in paragraph at lines 528--529
 [][] 
 []

<./images/2795df6c-6e2d-4017-aae1-564aebe344d4-18_894_912_1433_249.jpg, id=40, 
915.42pt x 897.3525pt>
File: ./images/2795df6c-6e2d-4017-aae1-564aebe344d4-18_894_912_1433_249.jpg Gra
phic file (type jpg)
<use ./images/2795df6c-6e2d-4017-aae1-564aebe344d4-18_894_912_1433_249.jpg>
Package pdftex.def Info: ./images/2795df6c-6e2d-4017-aae1-564aebe344d4-18_894_9
12_1433_249.jpg  used on input line 536.
(pdftex.def)             Requested size: 375.80544pt x 368.38245pt.
[8 <./images/2795df6c-6e2d-4017-aae1-564aebe344d4-18_686_691_526_1168.jpg>]
<./images/2795df6c-6e2d-4017-aae1-564aebe344d4-18_135_234_1703_1179.jpg, id=44,
 234.8775pt x 135.50626pt>
File: ./images/2795df6c-6e2d-4017-aae1-564aebe344d4-18_135_234_1703_1179.jpg Gr
aphic file (type jpg)
<use ./images/2795df6c-6e2d-4017-aae1-564aebe344d4-18_135_234_1703_1179.jpg>
Package pdftex.def Info: ./images/2795df6c-6e2d-4017-aae1-564aebe344d4-18_135_2
34_1703_1179.jpg  used on input line 538.
(pdftex.def)             Requested size: 375.80544pt x 216.81233pt.
<./images/2795df6c-6e2d-4017-aae1-564aebe344d4-19_193_211_1301_234.jpg, id=45, 
211.79124pt x 193.72375pt>
File: ./images/2795df6c-6e2d-4017-aae1-564aebe344d4-19_193_211_1301_234.jpg Gra
phic file (type jpg)
<use ./images/2795df6c-6e2d-4017-aae1-564aebe344d4-19_193_211_1301_234.jpg>
Package pdftex.def Info: ./images/2795df6c-6e2d-4017-aae1-564aebe344d4-19_193_2
11_1301_234.jpg  used on input line 540.
(pdftex.def)             Requested size: 375.80544pt x 343.76006pt.

[9 <./images/2795df6c-6e2d-4017-aae1-564aebe344d4-18_894_912_1433_249.jpg> <./i
mages/2795df6c-6e2d-4017-aae1-564aebe344d4-18_135_234_1703_1179.jpg>]
<./images/2795df6c-6e2d-4017-aae1-564aebe344d4-19_130_133_1330_671.jpg, id=49, 
133.49875pt x 130.4875pt>
File: ./images/2795df6c-6e2d-4017-aae1-564aebe344d4-19_130_133_1330_671.jpg Gra
phic file (type jpg)
<use ./images/2795df6c-6e2d-4017-aae1-564aebe344d4-19_130_133_1330_671.jpg>
Package pdftex.def Info: ./images/2795df6c-6e2d-4017-aae1-564aebe344d4-19_130_1
33_1330_671.jpg  used on input line 542.
(pdftex.def)             Requested size: 375.80544pt x 367.4093pt.
 [10 <./images/2795df6c-6e2d-4017-aae1-564aebe344d4-19_193_211_1301_234.jpg>]
<./images/2795df6c-6e2d-4017-aae1-564aebe344d4-19_223_227_1284_1123.jpg, id=53,
 227.85126pt x 223.83624pt>
File: ./images/2795df6c-6e2d-4017-aae1-564aebe344d4-19_223_227_1284_1123.jpg Gr
aphic file (type jpg)
<use ./images/2795df6c-6e2d-4017-aae1-564aebe344d4-19_223_227_1284_1123.jpg>
Package pdftex.def Info: ./images/2795df6c-6e2d-4017-aae1-564aebe344d4-19_223_2
27_1284_1123.jpg  used on input line 544.
(pdftex.def)             Requested size: 375.80544pt x 369.19432pt.
 [11 <./images/2795df6c-6e2d-4017-aae1-564aebe344d4-19_130_133_1330_671.jpg>]
<./images/2795df6c-6e2d-4017-aae1-564aebe344d4-19_231_270_1284_1546.jpg, id=57,
 271.0125pt x 231.86626pt>
File: ./images/2795df6c-6e2d-4017-aae1-564aebe344d4-19_231_270_1284_1546.jpg Gr
aphic file (type jpg)
<use ./images/2795df6c-6e2d-4017-aae1-564aebe344d4-19_231_270_1284_1546.jpg>
Package pdftex.def Info: ./images/2795df6c-6e2d-4017-aae1-564aebe344d4-19_231_2
70_1284_1546.jpg  used on input line 546.
(pdftex.def)             Requested size: 375.80544pt x 321.53601pt.
 [12 <./images/2795df6c-6e2d-4017-aae1-564aebe344d4-19_223_227_1284_1123.jpg>]
<./images/2795df6c-6e2d-4017-aae1-564aebe344d4-20_523_514_1173_322.jpg, id=61, 
515.9275pt x 524.96124pt>
File: ./images/2795df6c-6e2d-4017-aae1-564aebe344d4-20_523_514_1173_322.jpg Gra
phic file (type jpg)
<use ./images/2795df6c-6e2d-4017-aae1-564aebe344d4-20_523_514_1173_322.jpg>
Package pdftex.def Info: ./images/2795df6c-6e2d-4017-aae1-564aebe344d4-20_523_5
14_1173_322.jpg  used on input line 548.
(pdftex.def)             Requested size: 375.80544pt x 382.39346pt.
 [13 <./images/2795df6c-6e2d-4017-aae1-564aebe344d4-19_231_270_1284_1546.jpg>]
<./images/2795df6c-6e2d-4017-aae1-564aebe344d4-20_526_512_1112_1173.jpg, id=66,
 513.92pt x 527.9725pt>
File: ./images/2795df6c-6e2d-4017-aae1-564aebe344d4-20_526_512_1112_1173.jpg Gr
aphic file (type jpg)
<use ./images/2795df6c-6e2d-4017-aae1-564aebe344d4-20_526_512_1112_1173.jpg>
Package pdftex.def Info: ./images/2795df6c-6e2d-4017-aae1-564aebe344d4-20_526_5
12_1112_1173.jpg  used on input line 550.
(pdftex.def)             Requested size: 375.80544pt x 386.08539pt.
 [14 <./images/2795df6c-6e2d-4017-aae1-564aebe344d4-20_523_514_1173_322.jpg>]
<./images/2795df6c-6e2d-4017-aae1-564aebe344d4-20_530_519_1789_317.jpg, id=70, 
520.94624pt x 531.9875pt>
File: ./images/2795df6c-6e2d-4017-aae1-564aebe344d4-20_530_519_1789_317.jpg Gra
phic file (type jpg)
<use ./images/2795df6c-6e2d-4017-aae1-564aebe344d4-20_530_519_1789_317.jpg>
Package pdftex.def Info: ./images/2795df6c-6e2d-4017-aae1-564aebe344d4-20_530_5
19_1789_317.jpg  used on input line 552.
(pdftex.def)             Requested size: 375.80544pt x 383.7694pt.
 [15 <./images/2795df6c-6e2d-4017-aae1-564aebe344d4-20_526_512_1112_1173.jpg>]
<./images/2795df6c-6e2d-4017-aae1-564aebe344d4-20_540_515_1774_1181.jpg, id=74,
 516.93124pt x 542.025pt>
File: ./images/2795df6c-6e2d-4017-aae1-564aebe344d4-20_540_515_1774_1181.jpg Gr
aphic file (type jpg)
<use ./images/2795df6c-6e2d-4017-aae1-564aebe344d4-20_540_515_1774_1181.jpg>
Package pdftex.def Info: ./images/2795df6c-6e2d-4017-aae1-564aebe344d4-20_540_5
15_1774_1181.jpg  used on input line 554.
(pdftex.def)             Requested size: 375.80544pt x 394.06218pt.
 [16 <./images/2795df6c-6e2d-4017-aae1-564aebe344d4-20_530_519_1789_317.jpg>]
File: ./images/2795df6c-6e2d-4017-aae1-564aebe344d4-18_894_912_1433_249.jpg Gra
phic file (type jpg)
<use ./images/2795df6c-6e2d-4017-aae1-564aebe344d4-18_894_912_1433_249.jpg>
Package pdftex.def Info: ./images/2795df6c-6e2d-4017-aae1-564aebe344d4-18_894_9
12_1433_249.jpg  used on input line 558.
(pdftex.def)             Requested size: 375.80544pt x 368.38245pt.
File: ./images/2795df6c-6e2d-4017-aae1-564aebe344d4-18_135_234_1703_1179.jpg Gr
aphic file (type jpg)
<use ./images/2795df6c-6e2d-4017-aae1-564aebe344d4-18_135_234_1703_1179.jpg>
Package pdftex.def Info: ./images/2795df6c-6e2d-4017-aae1-564aebe344d4-18_135_2
34_1703_1179.jpg  used on input line 568.
(pdftex.def)             Requested size: 375.80544pt x 216.81233pt.


! LaTeX Error: Not in outer par mode.

See the LaTeX manual or LaTeX Companion for explanation.
Type  H <return>  for immediate help.
 ...                                              
                                                  
l.586 \begin{figure}[h]
                       
You've lost some text.  Try typing  <return>  to proceed.
If that doesn't work, type  X <return>  to quit.

! Undefined control sequence.
\@xfloat ...@fltovf \fi \global \setbox \@currbox 
                                                  \color@vbox \normalcolor \...
l.586 \begin{figure}[h]
                       
The control sequence at the end of the top line
of your error message was never \def'ed. If you have
misspelled it (e.g., `\hobx'), type `I' and the correct
spelling (e.g., `I\hbox'). Otherwise just continue,
and I'll forget about whatever was undefined.

! Missing number, treated as zero.
<to be read again> 
                   \vbox 
l.586 \begin{figure}[h]
                       
A number should have been here; I inserted `0'.
(If you can't figure out why I needed to see a number,
look up `weird error' in the index to The TeXbook.)

! Undefined control sequence.
l.588 \captionsetup
                   {labelformat=empty}
The control sequence at the end of the top line
of your error message was never \def'ed. If you have
misspelled it (e.g., `\hobx'), type `I' and the correct
spelling (e.g., `I\hbox'). Otherwise just continue,
and I'll forget about whatever was undefined.


! Package keyval Error: max width undefined.

See the keyval package documentation for explanation.
Type  H <return>  for immediate help.
 ...                                              
                                                  
l.590 ...17-aae1-564aebe344d4-19_193_211_1301_234}
                                                  
Try typing  <return>  to proceed.
If that doesn't work, type  X <return>  to quit.

File: ./images/2795df6c-6e2d-4017-aae1-564aebe344d4-19_193_211_1301_234.jpg Gra
phic file (type jpg)
<use ./images/2795df6c-6e2d-4017-aae1-564aebe344d4-19_193_211_1301_234.jpg>
Package pdftex.def Info: ./images/2795df6c-6e2d-4017-aae1-564aebe344d4-19_193_2
11_1301_234.jpg  used on input line 590.
(pdftex.def)             Requested size: 211.79073pt x 193.72327pt.

! LaTeX Error: Not in outer par mode.

See the LaTeX manual or LaTeX Companion for explanation.
Type  H <return>  for immediate help.
 ...                                              
                                                  
l.594 \begin{figure}[h]
                       
You've lost some text.  Try typing  <return>  to proceed.
If that doesn't work, type  X <return>  to quit.

! Undefined control sequence.
\@xfloat ...@fltovf \fi \global \setbox \@currbox 
                                                  \color@vbox \normalcolor \...
l.594 \begin{figure}[h]
                       
The control sequence at the end of the top line
of your error message was never \def'ed. If you have
misspelled it (e.g., `\hobx'), type `I' and the correct
spelling (e.g., `I\hbox'). Otherwise just continue,
and I'll forget about whatever was undefined.

! Missing number, treated as zero.
<to be read again> 
                   \vbox 
l.594 \begin{figure}[h]
                       
A number should have been here; I inserted `0'.
(If you can't figure out why I needed to see a number,
look up `weird error' in the index to The TeXbook.)

! Undefined control sequence.
l.596 \captionsetup
                   {labelformat=empty}
The control sequence at the end of the top line
of your error message was never \def'ed. If you have
misspelled it (e.g., `\hobx'), type `I' and the correct
spelling (e.g., `I\hbox'). Otherwise just continue,
and I'll forget about whatever was undefined.


! Package keyval Error: max width undefined.

See the keyval package documentation for explanation.
Type  H <return>  for immediate help.
 ...                                              
                                                  
l.598 ...17-aae1-564aebe344d4-19_130_133_1330_671}
                                                  
Try typing  <return>  to proceed.
If that doesn't work, type  X <return>  to quit.

File: ./images/2795df6c-6e2d-4017-aae1-564aebe344d4-19_130_133_1330_671.jpg Gra
phic file (type jpg)
<use ./images/2795df6c-6e2d-4017-aae1-564aebe344d4-19_130_133_1330_671.jpg>
Package pdftex.def Info: ./images/2795df6c-6e2d-4017-aae1-564aebe344d4-19_130_1
33_1330_671.jpg  used on input line 598.
(pdftex.def)             Requested size: 133.4984pt x 130.48717pt.

! LaTeX Error: Not in outer par mode.

See the LaTeX manual or LaTeX Companion for explanation.
Type  H <return>  for immediate help.
 ...                                              
                                                  
l.602 \begin{figure}[h]
                       
You've lost some text.  Try typing  <return>  to proceed.
If that doesn't work, type  X <return>  to quit.

! Undefined control sequence.
\@xfloat ...@fltovf \fi \global \setbox \@currbox 
                                                  \color@vbox \normalcolor \...
l.602 \begin{figure}[h]
                       
The control sequence at the end of the top line
of your error message was never \def'ed. If you have
misspelled it (e.g., `\hobx'), type `I' and the correct
spelling (e.g., `I\hbox'). Otherwise just continue,
and I'll forget about whatever was undefined.

! Missing number, treated as zero.
<to be read again> 
                   \vbox 
l.602 \begin{figure}[h]
                       
A number should have been here; I inserted `0'.
(If you can't figure out why I needed to see a number,
look up `weird error' in the index to The TeXbook.)

! Undefined control sequence.
l.604 \captionsetup
                   {labelformat=empty}
The control sequence at the end of the top line
of your error message was never \def'ed. If you have
misspelled it (e.g., `\hobx'), type `I' and the correct
spelling (e.g., `I\hbox'). Otherwise just continue,
and I'll forget about whatever was undefined.


! Package keyval Error: max width undefined.

See the keyval package documentation for explanation.
Type  H <return>  for immediate help.
 ...                                              
                                                  
l.606 ...7-aae1-564aebe344d4-19_223_227_1284_1123}
                                                  
Try typing  <return>  to proceed.
If that doesn't work, type  X <return>  to quit.

File: ./images/2795df6c-6e2d-4017-aae1-564aebe344d4-19_223_227_1284_1123.jpg Gr
aphic file (type jpg)
<use ./images/2795df6c-6e2d-4017-aae1-564aebe344d4-19_223_227_1284_1123.jpg>
Package pdftex.def Info: ./images/2795df6c-6e2d-4017-aae1-564aebe344d4-19_223_2
27_1284_1123.jpg  used on input line 606.
(pdftex.def)             Requested size: 227.8507pt x 223.8357pt.

! LaTeX Error: Not in outer par mode.

See the LaTeX manual or LaTeX Companion for explanation.
Type  H <return>  for immediate help.
 ...                                              
                                                  
l.610 \begin{figure}[h]
                       
You've lost some text.  Try typing  <return>  to proceed.
If that doesn't work, type  X <return>  to quit.

! Undefined control sequence.
\@xfloat ...@fltovf \fi \global \setbox \@currbox 
                                                  \color@vbox \normalcolor \...
l.610 \begin{figure}[h]
                       
The control sequence at the end of the top line
of your error message was never \def'ed. If you have
misspelled it (e.g., `\hobx'), type `I' and the correct
spelling (e.g., `I\hbox'). Otherwise just continue,
and I'll forget about whatever was undefined.

! Missing number, treated as zero.
<to be read again> 
                   \vbox 
l.610 \begin{figure}[h]
                       
A number should have been here; I inserted `0'.
(If you can't figure out why I needed to see a number,
look up `weird error' in the index to The TeXbook.)

! Undefined control sequence.
l.612 \captionsetup
                   {labelformat=empty}
The control sequence at the end of the top line
of your error message was never \def'ed. If you have
misspelled it (e.g., `\hobx'), type `I' and the correct
spelling (e.g., `I\hbox'). Otherwise just continue,
and I'll forget about whatever was undefined.


! Package keyval Error: max width undefined.

See the keyval package documentation for explanation.
Type  H <return>  for immediate help.
 ...                                              
                                                  
l.614 ...7-aae1-564aebe344d4-19_231_270_1284_1546}
                                                  
Try typing  <return>  to proceed.
If that doesn't work, type  X <return>  to quit.

File: ./images/2795df6c-6e2d-4017-aae1-564aebe344d4-19_231_270_1284_1546.jpg Gr
aphic file (type jpg)
<use ./images/2795df6c-6e2d-4017-aae1-564aebe344d4-19_231_270_1284_1546.jpg>
Package pdftex.def Info: ./images/2795df6c-6e2d-4017-aae1-564aebe344d4-19_231_2
70_1284_1546.jpg  used on input line 614.
(pdftex.def)             Requested size: 271.01183pt x 231.86568pt.

! Package keyval Error: center undefined.

See the keyval package documentation for explanation.
Type  H <return>  for immediate help.
 ...                                              
                                                  
l.640 ...17-aae1-564aebe344d4-20_523_514_1173_322}
                                                  \\
Try typing  <return>  to proceed.
If that doesn't work, type  X <return>  to quit.

File: ./images/2795df6c-6e2d-4017-aae1-564aebe344d4-20_523_514_1173_322.jpg Gra
phic file (type jpg)
<use ./images/2795df6c-6e2d-4017-aae1-564aebe344d4-20_523_514_1173_322.jpg>
Package pdftex.def Info: ./images/2795df6c-6e2d-4017-aae1-564aebe344d4-20_523_5
14_1173_322.jpg  used on input line 640.
(pdftex.def)             Requested size: 375.80544pt x 382.39346pt.

! Package keyval Error: center undefined.

See the keyval package documentation for explanation.
Type  H <return>  for immediate help.
 ...                                              
                                                  
l.642 ...7-aae1-564aebe344d4-20_526_512_1112_1173}
                                                  \\
Try typing  <return>  to proceed.
If that doesn't work, type  X <return>  to quit.

File: ./images/2795df6c-6e2d-4017-aae1-564aebe344d4-20_526_512_1112_1173.jpg Gr
aphic file (type jpg)
<use ./images/2795df6c-6e2d-4017-aae1-564aebe344d4-20_526_512_1112_1173.jpg>
Package pdftex.def Info: ./images/2795df6c-6e2d-4017-aae1-564aebe344d4-20_526_5
12_1112_1173.jpg  used on input line 642.
(pdftex.def)             Requested size: 375.80544pt x 386.08539pt.

! Package keyval Error: center undefined.

See the keyval package documentation for explanation.
Type  H <return>  for immediate help.
 ...                                              
                                                  
l.644 ...17-aae1-564aebe344d4-20_530_519_1789_317}
                                                  \\
Try typing  <return>  to proceed.
If that doesn't work, type  X <return>  to quit.

File: ./images/2795df6c-6e2d-4017-aae1-564aebe344d4-20_530_519_1789_317.jpg Gra
phic file (type jpg)
<use ./images/2795df6c-6e2d-4017-aae1-564aebe344d4-20_530_519_1789_317.jpg>
Package pdftex.def Info: ./images/2795df6c-6e2d-4017-aae1-564aebe344d4-20_530_5
19_1789_317.jpg  used on input line 644.
(pdftex.def)             Requested size: 375.80544pt x 383.7694pt.

! Package keyval Error: center undefined.

See the keyval package documentation for explanation.
Type  H <return>  for immediate help.
 ...                                              
                                                  
l.646 ...7-aae1-564aebe344d4-20_540_515_1774_1181}
                                                  
Try typing  <return>  to proceed.
If that doesn't work, type  X <return>  to quit.

File: ./images/2795df6c-6e2d-4017-aae1-564aebe344d4-20_540_515_1774_1181.jpg Gr
aphic file (type jpg)
<use ./images/2795df6c-6e2d-4017-aae1-564aebe344d4-20_540_515_1774_1181.jpg>
Package pdftex.def Info: ./images/2795df6c-6e2d-4017-aae1-564aebe344d4-20_540_5
15_1774_1181.jpg  used on input line 646.
(pdftex.def)             Requested size: 375.80544pt x 394.06218pt.

Underfull \hbox (badness 10000) in paragraph at lines 710--711

 []

<./images/2795df6c-6e2d-4017-aae1-564aebe344d4-23_991_1215_859_210.jpg, id=78, 
1219.55624pt x 994.71625pt>
File: ./images/2795df6c-6e2d-4017-aae1-564aebe344d4-23_991_1215_859_210.jpg Gra
phic file (type jpg)
<use ./images/2795df6c-6e2d-4017-aae1-564aebe344d4-23_991_1215_859_210.jpg>
Package pdftex.def Info: ./images/2795df6c-6e2d-4017-aae1-564aebe344d4-23_991_1
215_859_210.jpg  used on input line 718.
(pdftex.def)             Requested size: 375.80544pt x 306.5223pt.
[17 <./images/2795df6c-6e2d-4017-aae1-564aebe344d4-20_540_515_1774_1181.jpg>]

! Package keyval Error: center undefined.

See the keyval package documentation for explanation.
Type  H <return>  for immediate help.
 ...                                              
                                                  
l.723 ...17-aae1-564aebe344d4-23_991_1215_859_210}
                                                  
Try typing  <return>  to proceed.
If that doesn't work, type  X <return>  to quit.

File: ./images/2795df6c-6e2d-4017-aae1-564aebe344d4-23_991_1215_859_210.jpg Gra
phic file (type jpg)
<use ./images/2795df6c-6e2d-4017-aae1-564aebe344d4-23_991_1215_859_210.jpg>
Package pdftex.def Info: ./images/2795df6c-6e2d-4017-aae1-564aebe344d4-23_991_1
215_859_210.jpg  used on input line 723.
(pdftex.def)             Requested size: 375.80544pt x 306.5223pt.

! Package keyval Error: center undefined.

See the keyval package documentation for explanation.
Type  H <return>  for immediate help.
 ...                                              
                                                  
l.766 ...017-aae1-564aebe344d4-27_544_579_569_259}
                                                  
Try typing  <return>  to proceed.
If that doesn't work, type  X <return>  to quit.

<./images/2795df6c-6e2d-4017-aae1-564aebe344d4-27_544_579_569_259.jpg, id=82, 5
81.17125pt x 546.04pt>
File: ./images/2795df6c-6e2d-4017-aae1-564aebe344d4-27_544_579_569_259.jpg Grap
hic file (type jpg)
<use ./images/2795df6c-6e2d-4017-aae1-564aebe344d4-27_544_579_569_259.jpg>
Package pdftex.def Info: ./images/2795df6c-6e2d-4017-aae1-564aebe344d4-27_544_5
79_569_259.jpg  used on input line 766.
(pdftex.def)             Requested size: 375.80544pt x 353.08878pt.
[18 <./images/2795df6c-6e2d-4017-aae1-564aebe344d4-23_991_1215_859_210.jpg>]
File: ./images/2795df6c-6e2d-4017-aae1-564aebe344d4-27_544_579_569_259.jpg Grap
hic file (type jpg)
<use ./images/2795df6c-6e2d-4017-aae1-564aebe344d4-27_544_579_569_259.jpg>
Package pdftex.def Info: ./images/2795df6c-6e2d-4017-aae1-564aebe344d4-27_544_5
79_569_259.jpg  used on input line 768.
(pdftex.def)             Requested size: 375.80544pt x 353.08878pt.

[19 <./images/2795df6c-6e2d-4017-aae1-564aebe344d4-27_544_579_569_259.jpg>]
<./images/2795df6c-6e2d-4017-aae1-564aebe344d4-27_540_578_567_1014.jpg, id=90, 
580.1675pt x 542.025pt>
File: ./images/2795df6c-6e2d-4017-aae1-564aebe344d4-27_540_578_567_1014.jpg Gra
phic file (type jpg)
<use ./images/2795df6c-6e2d-4017-aae1-564aebe344d4-27_540_578_567_1014.jpg>
Package pdftex.def Info: ./images/2795df6c-6e2d-4017-aae1-564aebe344d4-27_540_5
78_567_1014.jpg  used on input line 770.
(pdftex.def)             Requested size: 375.80544pt x 351.09628pt.

[20]
File: ./images/2795df6c-6e2d-4017-aae1-564aebe344d4-27_540_578_567_1014.jpg Gra
phic file (type jpg)
<use ./images/2795df6c-6e2d-4017-aae1-564aebe344d4-27_540_578_567_1014.jpg>
Package pdftex.def Info: ./images/2795df6c-6e2d-4017-aae1-564aebe344d4-27_540_5
78_567_1014.jpg  used on input line 774.
(pdftex.def)             Requested size: 375.80544pt x 351.09628pt.
<./images/2795df6c-6e2d-4017-aae1-564aebe344d4-29_787_1180_638_174.jpg, id=94, 
1184.425pt x 789.95125pt>
File: ./images/2795df6c-6e2d-4017-aae1-564aebe344d4-29_787_1180_638_174.jpg Gra
phic file (type jpg)
<use ./images/2795df6c-6e2d-4017-aae1-564aebe344d4-29_787_1180_638_174.jpg>
Package pdftex.def Info: ./images/2795df6c-6e2d-4017-aae1-564aebe344d4-29_787_1
180_638_174.jpg  used on input line 797.
(pdftex.def)             Requested size: 375.80544pt x 250.644pt.
 [21 <./images/2795df6c-6e2d-4017-aae1-564aebe344d4-27_540_578_567_1014.jpg>]
File: ./images/2795df6c-6e2d-4017-aae1-564aebe344d4-29_787_1180_638_174.jpg Gra
phic file (type jpg)
<use ./images/2795df6c-6e2d-4017-aae1-564aebe344d4-29_787_1180_638_174.jpg>
Package pdftex.def Info: ./images/2795df6c-6e2d-4017-aae1-564aebe344d4-29_787_1
180_638_174.jpg  used on input line 822.
(pdftex.def)             Requested size: 375.80544pt x 250.644pt.


! LaTeX Error: Unicode character ∴ (U+2234)
               not set up for use with LaTeX.

See the LaTeX manual or LaTeX Companion for explanation.
Type  H <return>  for immediate help.
 ...                                              
                                                  
l.834 ∴
          the maximum value is 13000 when $t=2015$.
You may provide a definition with
\DeclareUnicodeCharacter 


Underfull \hbox (badness 10000) in paragraph at lines 836--838

 []

<./images/2795df6c-6e2d-4017-aae1-564aebe344d4-30_922_1049_928_163.jpg, id=98, 
1052.93375pt x 925.4575pt>
File: ./images/2795df6c-6e2d-4017-aae1-564aebe344d4-30_922_1049_928_163.jpg Gra
phic file (type jpg)
<use ./images/2795df6c-6e2d-4017-aae1-564aebe344d4-30_922_1049_928_163.jpg>
Package pdftex.def Info: ./images/2795df6c-6e2d-4017-aae1-564aebe344d4-30_922_1
049_928_163.jpg  used on input line 843.
(pdftex.def)             Requested size: 375.80544pt x 330.31194pt.
<./images/2795df6c-6e2d-4017-aae1-564aebe344d4-31_921_1209_431_225.jpg, id=99, 
1213.53375pt x 924.45375pt>
File: ./images/2795df6c-6e2d-4017-aae1-564aebe344d4-31_921_1209_431_225.jpg Gra
phic file (type jpg)
<use ./images/2795df6c-6e2d-4017-aae1-564aebe344d4-31_921_1209_431_225.jpg>
Package pdftex.def Info: ./images/2795df6c-6e2d-4017-aae1-564aebe344d4-31_921_1
209_431_225.jpg  used on input line 845.
(pdftex.def)             Requested size: 375.80544pt x 286.28148pt.
[22 <./images/2795df6c-6e2d-4017-aae1-564aebe344d4-29_787_1180_638_174.jpg> <./
images/2795df6c-6e2d-4017-aae1-564aebe344d4-30_922_1049_928_163.jpg>]
File: ./images/2795df6c-6e2d-4017-aae1-564aebe344d4-30_922_1049_928_163.jpg Gra
phic file (type jpg)
<use ./images/2795df6c-6e2d-4017-aae1-564aebe344d4-30_922_1049_928_163.jpg>
Package pdftex.def Info: ./images/2795df6c-6e2d-4017-aae1-564aebe344d4-30_922_1
049_928_163.jpg  used on input line 856.
(pdftex.def)             Requested size: 375.80544pt x 330.31194pt.

Underfull \hbox (badness 10000) in paragraph at lines 859--862

 []

File: ./images/2795df6c-6e2d-4017-aae1-564aebe344d4-31_921_1209_431_225.jpg Gra
phic file (type jpg)
<use ./images/2795df6c-6e2d-4017-aae1-564aebe344d4-31_921_1209_431_225.jpg>
Package pdftex.def Info: ./images/2795df6c-6e2d-4017-aae1-564aebe344d4-31_921_1
209_431_225.jpg  used on input line 864.
(pdftex.def)             Requested size: 375.80544pt x 286.28148pt.

! LaTeX Error: Unicode character □ (U+25A1)
               not set up for use with LaTeX.

See the LaTeX manual or LaTeX Companion for explanation.
Type  H <return>  for immediate help.
 ...                                              
                                                  
l.870 □
         \\
You may provide a definition with
\DeclareUnicodeCharacter 


Underfull \hbox (badness 10000) in paragraph at lines 867--871

 []


Underfull \hbox (badness 10000) in paragraph at lines 867--871

 []


Underfull \hbox (badness 10000) in paragraph at lines 905--906

 []

<./images/2795df6c-6e2d-4017-aae1-564aebe344d4-34_678_717_483_283.jpg, id=103, 
719.68875pt x 680.5425pt>
File: ./images/2795df6c-6e2d-4017-aae1-564aebe344d4-34_678_717_483_283.jpg Grap
hic file (type jpg)
<use ./images/2795df6c-6e2d-4017-aae1-564aebe344d4-34_678_717_483_283.jpg>
Package pdftex.def Info: ./images/2795df6c-6e2d-4017-aae1-564aebe344d4-34_678_7
17_483_283.jpg  used on input line 917.
(pdftex.def)             Requested size: 375.80544pt x 355.36908pt.
[23 <./images/2795df6c-6e2d-4017-aae1-564aebe344d4-31_921_1209_431_225.jpg>]
<./images/2795df6c-6e2d-4017-aae1-564aebe344d4-34_682_714_485_1119.jpg, id=107,
 716.6775pt x 684.5575pt>
File: ./images/2795df6c-6e2d-4017-aae1-564aebe344d4-34_682_714_485_1119.jpg Gra
phic file (type jpg)
<use ./images/2795df6c-6e2d-4017-aae1-564aebe344d4-34_682_714_485_1119.jpg>
Package pdftex.def Info: ./images/2795df6c-6e2d-4017-aae1-564aebe344d4-34_682_7
14_485_1119.jpg  used on input line 919.
(pdftex.def)             Requested size: 375.80544pt x 358.9698pt.

[24 <./images/2795df6c-6e2d-4017-aae1-564aebe344d4-34_678_717_483_283.jpg>]

! LaTeX Error: Unicode character ∴ (U+2234)
               not set up for use with LaTeX.

See the LaTeX manual or LaTeX Companion for explanation.
Type  H <return>  for immediate help.
 ...                                              
                                                  
l.937 ∴
          the non-permissible values of $\theta$ over $[0,2 \pi]$ are $0, \p...

You may provide a definition with
\DeclareUnicodeCharacter 


! Package keyval Error: center undefined.

See the keyval package documentation for explanation.
Type  H <return>  for immediate help.
 ...                                              
                                                  
l.940 ...017-aae1-564aebe344d4-34_678_717_483_283}
                                                  \\
Try typing  <return>  to proceed.
If that doesn't work, type  X <return>  to quit.

File: ./images/2795df6c-6e2d-4017-aae1-564aebe344d4-34_678_717_483_283.jpg Grap
hic file (type jpg)
<use ./images/2795df6c-6e2d-4017-aae1-564aebe344d4-34_678_717_483_283.jpg>
Package pdftex.def Info: ./images/2795df6c-6e2d-4017-aae1-564aebe344d4-34_678_7
17_483_283.jpg  used on input line 940.
(pdftex.def)             Requested size: 375.80544pt x 355.36908pt.

! Package keyval Error: center undefined.

See the keyval package documentation for explanation.
Type  H <return>  for immediate help.
 ...                                              
                                                  
l.941 ...17-aae1-564aebe344d4-34_682_714_485_1119}
                                                  \\
Try typing  <return>  to proceed.
If that doesn't work, type  X <return>  to quit.

File: ./images/2795df6c-6e2d-4017-aae1-564aebe344d4-34_682_714_485_1119.jpg Gra
phic file (type jpg)
<use ./images/2795df6c-6e2d-4017-aae1-564aebe344d4-34_682_714_485_1119.jpg>
Package pdftex.def Info: ./images/2795df6c-6e2d-4017-aae1-564aebe344d4-34_682_7
14_485_1119.jpg  used on input line 941.
(pdftex.def)             Requested size: 375.80544pt x 358.9698pt.

Underfull \hbox (badness 10000) in paragraph at lines 973--974

 []

<./images/2795df6c-6e2d-4017-aae1-564aebe344d4-35_884_955_1499_229.jpg, id=111,
 958.58125pt x 887.315pt>
File: ./images/2795df6c-6e2d-4017-aae1-564aebe344d4-35_884_955_1499_229.jpg Gra
phic file (type jpg)
<use ./images/2795df6c-6e2d-4017-aae1-564aebe344d4-35_884_955_1499_229.jpg>
Package pdftex.def Info: ./images/2795df6c-6e2d-4017-aae1-564aebe344d4-35_884_9
55_1499_229.jpg  used on input line 979.
(pdftex.def)             Requested size: 375.80544pt x 347.86572pt.
[25 <./images/2795df6c-6e2d-4017-aae1-564aebe344d4-34_682_714_485_1119.jpg>]
<./images/2795df6c-6e2d-4017-aae1-564aebe344d4-36_667_726_1935_216.jpg, id=116,
 728.7225pt x 669.50125pt>
File: ./images/2795df6c-6e2d-4017-aae1-564aebe344d4-36_667_726_1935_216.jpg Gra
phic file (type jpg)
<use ./images/2795df6c-6e2d-4017-aae1-564aebe344d4-36_667_726_1935_216.jpg>
Package pdftex.def Info: ./images/2795df6c-6e2d-4017-aae1-564aebe344d4-36_667_7
26_1935_216.jpg  used on input line 981.
(pdftex.def)             Requested size: 375.80544pt x 345.26181pt.

[26 <./images/2795df6c-6e2d-4017-aae1-564aebe344d4-35_884_955_1499_229.jpg>]

! Package keyval Error: center undefined.

See the keyval package documentation for explanation.
Type  H <return>  for immediate help.
 ...                                              
                                                  
l.1000 ...7-aae1-564aebe344d4-35_884_955_1499_229}
                                                  
Try typing  <return>  to proceed.
If that doesn't work, type  X <return>  to quit.

File: ./images/2795df6c-6e2d-4017-aae1-564aebe344d4-35_884_955_1499_229.jpg Gra
phic file (type jpg)
<use ./images/2795df6c-6e2d-4017-aae1-564aebe344d4-35_884_955_1499_229.jpg>
Package pdftex.def Info: ./images/2795df6c-6e2d-4017-aae1-564aebe344d4-35_884_9
55_1499_229.jpg  used on input line 1000.
(pdftex.def)             Requested size: 375.80544pt x 347.86572pt.

Underfull \hbox (badness 10000) in paragraph at lines 1023--1024

 []

File: ./images/2795df6c-6e2d-4017-aae1-564aebe344d4-36_667_726_1935_216.jpg Gra
phic file (type jpg)
<use ./images/2795df6c-6e2d-4017-aae1-564aebe344d4-36_667_726_1935_216.jpg>
Package pdftex.def Info: ./images/2795df6c-6e2d-4017-aae1-564aebe344d4-36_667_7
26_1935_216.jpg  used on input line 1037.
(pdftex.def)             Requested size: 375.80544pt x 345.26181pt.

Underfull \hbox (badness 10000) in paragraph at lines 1040--1041

 []

<./images/2795df6c-6e2d-4017-aae1-564aebe344d4-39_829_796_708_212.jpg, id=120, 
798.985pt x 832.10875pt>
File: ./images/2795df6c-6e2d-4017-aae1-564aebe344d4-39_829_796_708_212.jpg Grap
hic file (type jpg)
<use ./images/2795df6c-6e2d-4017-aae1-564aebe344d4-39_829_796_708_212.jpg>
Package pdftex.def Info: ./images/2795df6c-6e2d-4017-aae1-564aebe344d4-39_829_7
96_708_212.jpg  used on input line 1102.
(pdftex.def)             Requested size: 375.80544pt x 391.3832pt.
[27 <./images/2795df6c-6e2d-4017-aae1-564aebe344d4-36_667_726_1935_216.jpg>]
<./images/2795df6c-6e2d-4017-aae1-564aebe344d4-40_195_418_1963_1138.jpg, id=125
, 419.5675pt x 195.73125pt>
File: ./images/2795df6c-6e2d-4017-aae1-564aebe344d4-40_195_418_1963_1138.jpg Gr
aphic file (type jpg)
<use ./images/2795df6c-6e2d-4017-aae1-564aebe344d4-40_195_418_1963_1138.jpg>
Package pdftex.def Info: ./images/2795df6c-6e2d-4017-aae1-564aebe344d4-40_195_4
18_1963_1138.jpg  used on input line 1104.
(pdftex.def)             Requested size: 375.80544pt x 175.31725pt.
File: ./images/2795df6c-6e2d-4017-aae1-564aebe344d4-39_829_796_708_212.jpg Grap
hic file (type jpg)
<use ./images/2795df6c-6e2d-4017-aae1-564aebe344d4-39_829_796_708_212.jpg>
Package pdftex.def Info: ./images/2795df6c-6e2d-4017-aae1-564aebe344d4-39_829_7
96_708_212.jpg  used on input line 1108.
(pdftex.def)             Requested size: 375.80544pt x 391.3832pt.


! LaTeX Error: Unicode character ∴ (U+2234)
               not set up for use with LaTeX.

See the LaTeX manual or LaTeX Companion for explanation.
Type  H <return>  for immediate help.
 ...                                              
                                                  
l.1125 ∴
           there is a point of discontinuity at $\left(4, \frac{1}{5}\right)$
You may provide a definition with
\DeclareUnicodeCharacter 

! Undefined control sequence.
l.1171 - 2 \longdiv
                    { 1 0 0 0 0 0 0 }
The control sequence at the end of the top line
of your error message was never \def'ed. If you have
misspelled it (e.g., `\hobx'), type `I' and the correct
spelling (e.g., `I\hbox'). Otherwise just continue,
and I'll forget about whatever was undefined.


! Package keyval Error: center undefined.

See the keyval package documentation for explanation.
Type  H <return>  for immediate help.
 ...                                              
                                                  
l.1175 ...-aae1-564aebe344d4-40_195_418_1963_1138}
                                                  
Try typing  <return>  to proceed.
If that doesn't work, type  X <return>  to quit.

File: ./images/2795df6c-6e2d-4017-aae1-564aebe344d4-40_195_418_1963_1138.jpg Gr
aphic file (type jpg)
<use ./images/2795df6c-6e2d-4017-aae1-564aebe344d4-40_195_418_1963_1138.jpg>
Package pdftex.def Info: ./images/2795df6c-6e2d-4017-aae1-564aebe344d4-40_195_4
18_1963_1138.jpg  used on input line 1175.
(pdftex.def)             Requested size: 375.80544pt x 175.31725pt.

Underfull \hbox (badness 10000) in paragraph at lines 1196--1201

 []

This exam contains 23 questions with 0 parts, 0 subparts, and 0 subsubparts.
This exam has a total of 48 points.
This exam has a total of 0 bonus points.

Class exam Warning: Point totals have changed. Rerun to get point totals right.



! LaTeX Error: \begin{solution} on input line 1106 ended by \end{document}.

See the LaTeX manual or LaTeX Companion for explanation.
Type  H <return>  for immediate help.
 ...                                              
                                                  
l.1202 \end{document}
                     
Your command was ignored.
Type  I <command> <return>  to replace it with another command,
or  <return>  to continue without it.

(./pre-calc-40s_jan_13_mg-only_cleaned_aggressive_formatted.aux)
 ***********
LaTeX2e <2025-11-01>
L3 programming layer <2026-01-19>
 ***********


LaTeX Warning: Label(s) may have changed. Rerun to get cross-references right.

! You can't use `\end' in internal vertical mode.
\enddocument ...cument/end}\deadcycles \z@ \@@end 
                                                  
l.1202 \end{document}
                     
Sorry, but I'm not programmed to handle this case;
I'll just pretend that you didn't ask for it.
If you're in the wrong mode, you might be able to
return to the right one by typing `I}' or `I$' or `I\par'.


! LaTeX Error: \begin{solution} on input line 1106 ended by \end{document}.

See the LaTeX manual or LaTeX Companion for explanation.
Type  H <return>  for immediate help.
 ...                                              
                                                  
l.1202 \end{document}
                     
Your command was ignored.
Type  I <command> <return>  to replace it with another command,
or  <return>  to continue without it.

! Missing } inserted.
<inserted text> 
                }
l.1202 \end{document}
                     
I've inserted something that you may have forgotten.
(See the <inserted text> above.)
With luck, this will get me unwedged. But if you
really didn't forget anything, try typing `2' now; then
my insertion and my current dilemma will both disappear.

! Extra }, or forgotten \endgroup.
\endsolution ...eSolution}\endgroup \else \egroup 
                                                  \fi \ifsolutionsreseteqcou...
l.1203 \end{solution}
                     
I've deleted a group-closing symbol because it seems to be
spurious, as in `$x}$'. But perhaps the } is legitimate and
you forgot something else, as in `\hbox{$x}'. In such cases
the way to recover is to insert both the forgotten and the
deleted material, e.g., by typing `I$}'.


! LaTeX Error: \begin{questions} on input line 17 ended by \end{solution}.

See the LaTeX manual or LaTeX Companion for explanation.
Type  H <return>  for immediate help.
 ...                                              
                                                  
l.1203 \end{solution}
                     
Your command was ignored.
Type  I <command> <return>  to replace it with another command,
or  <return>  to continue without it.

\gdef\pointsofq@xxiii{3}
\gdef\bonuspointsofq@xxiii{0}

! LaTeX Error: \begin{document} ended by \end{questions}.

See the LaTeX manual or LaTeX Companion for explanation.
Type  H <return>  for immediate help.
 ...                                              
                                                  
l.1205 \end{questions}
                      
Your command was ignored.
Type  I <command> <return>  to replace it with another command,
or  <return>  to continue without it.

! Extra \endgroup.
\end  ...end#1\endcsname \@checkend {#1}\endgroup 
                                                  \UseHook {env/#1/after}\if...
l.1205 \end{questions}
                      
Things are pretty mixed up, but I think the worst is over.

[28 <./images/2795df6c-6e2d-4017-aae1-564aebe344d4-39_829_796_708_212.jpg> <./i
mages/2795df6c-6e2d-4017-aae1-564aebe344d4-40_195_418_1963_1138.jpg>]
\gdef \@abspage@last{28}
(./pre-calc-40s_jan_13_mg-only_cleaned_aggressive_formatted.aux) ) 
Here is how much of TeX's memory you used:
 5117 strings out of 469515
 96353 string characters out of 5470808
 487187 words of memory out of 5000000
 33740 multiletter control sequences out of 15000+600000
 640064 words of font info for 78 fonts, out of 8000000 for 9000
 14 hyphenation exceptions out of 8191
 57i,14n,65p,312b,469s stack positions out of 10000i,1000n,20000p,200000b,200000s
</usr/share/t
exmf-dist/fonts/type1/public/amsfonts/cm/cmex10.pfb></usr/share/texmf-dist/font
s/type1/public/amsfonts/cm/cmmi12.pfb></usr/share/texmf-dist/fonts/type1/public
/amsfonts/cm/cmmi8.pfb></usr/share/texmf-dist/fonts/type1/public/amsfonts/cm/cm
r12.pfb></usr/share/texmf-dist/fonts/type1/public/amsfonts/cm/cmr6.pfb></usr/sh
are/texmf-dist/fonts/type1/public/amsfonts/cm/cmr8.pfb></usr/share/texmf-dist/f
onts/type1/public/amsfonts/cm/cmsy10.pfb></usr/share/texmf-dist/fonts/type1/pub
lic/amsfonts/cm/cmsy8.pfb></usr/share/texmf-dist/fonts/type1/public/cm-super/sf
rm1200.pfb></usr/share/texmf-dist/fonts/type1/public/cm-super/sfrm2074.pfb>
Output written on pre-calc-40s_jan_13_mg-only_cleaned_aggressive_formatted.pdf 
(28 pages, 982168 bytes).
PDF statistics:
 173 PDF objects out of 1000 (max. 8388607)
 94 compressed objects within 1 object stream
 0 named destinations out of 1000 (max. 500000)
 141 words of extra memory for PDF output out of 10000 (max. 10000000)

